Component: ARM Compiler 5.06 update 7 (build 960) Tool: armlink [4d3601]

==============================================================================

Section Cross References

    main.o(i.main) refers to misc.o(i.NVIC_PriorityGroupConfig) for NVIC_PriorityGroupConfig
    main.o(i.main) refers to gpio.o(i.my_GPIOB_init) for my_GPIOB_init
    main.o(i.main) refers to tim4_delay.o(i.delay_TIM4_init) for delay_TIM4_init
    main.o(i.main) refers to led.o(i.LedDisplayInit) for LedDisplayInit
    main.o(i.main) refers to tim3_pwm.o(i.Init_Bright_Dp) for Init_Bright_Dp
    main.o(i.main) refers to adc.o(i.my_ADC_init) for my_ADC_init
    main.o(i.main) refers to rtc.o(i.my_RTC_Init) for my_RTC_Init
    main.o(i.main) refers to rtc.o(i.my_RTC_SetFirst) for my_RTC_SetFirst
    main.o(i.main) refers to rtc.o(i.my_RTC_Init_NVIC) for my_RTC_Init_NVIC
    main.o(i.main) refers to led.o(i.LedDisplayShow) for LedDisplayShow
    main.o(i.main) refers to tim3_pwm.o(i.Set_Bright_Dp) for Set_Bright_Dp
    main.o(i.main) refers to keyboard.o(i.my_KeyKeyboard) for my_KeyKeyboard
    main.o(i.main) refers to set_time.o(i.my_SetTime) for my_SetTime
    main.o(i.main) refers to rtc.o(.data) for dot
    main.o(i.main) refers to system_stm32f10x.o(.data) for SystemCoreClock
    main.o(i.main) refers to my_global.o(.data) for v_systick
    my_global.o(i.SysTick_Handler) refers to my_global.o(.data) for v_systick
    gpio.o(i.my_GPIOB_init) refers to stm32f10x_gpio.o(i.GPIO_StructInit) for GPIO_StructInit
    gpio.o(i.my_GPIOB_init) refers to stm32f10x_rcc.o(i.RCC_APB2PeriphClockCmd) for RCC_APB2PeriphClockCmd
    gpio.o(i.my_GPIOB_init) refers to stm32f10x_gpio.o(i.GPIO_Init) for GPIO_Init
    tim4_delay.o(i.TIM4_IRQHandler) refers to stm32f10x_tim.o(i.TIM_GetITStatus) for TIM_GetITStatus
    tim4_delay.o(i.TIM4_IRQHandler) refers to stm32f10x_tim.o(i.TIM_ClearITPendingBit) for TIM_ClearITPendingBit
    tim4_delay.o(i.TIM4_IRQHandler) refers to stm32f10x_tim.o(i.TIM_Cmd) for TIM_Cmd
    tim4_delay.o(i.TIM4_IRQHandler) refers to stm32f10x_tim.o(i.TIM_ITConfig) for TIM_ITConfig
    tim4_delay.o(i.TIM4_IRQHandler) refers to tim4_delay.o(.data) for f_timer_4_end
    tim4_delay.o(i.delay_TIM4_init) refers to stm32f10x_rcc.o(i.RCC_APB1PeriphClockCmd) for RCC_APB1PeriphClockCmd
    tim4_delay.o(i.delay_TIM4_init) refers to stm32f10x_tim.o(i.TIM_TimeBaseStructInit) for TIM_TimeBaseStructInit
    tim4_delay.o(i.delay_TIM4_init) refers to stm32f10x_tim.o(i.TIM_TimeBaseInit) for TIM_TimeBaseInit
    tim4_delay.o(i.delay_TIM4_init) refers to misc.o(i.NVIC_Init) for NVIC_Init
    tim4_delay.o(i.delay_TIM4_ms) refers to stm32f10x_tim.o(i.TIM_ITConfig) for TIM_ITConfig
    tim4_delay.o(i.delay_TIM4_ms) refers to stm32f10x_tim.o(i.TIM_Cmd) for TIM_Cmd
    tim4_delay.o(i.delay_TIM4_ms) refers to tim4_delay.o(.data) for f_timer_4_end
    tim4_delay.o(i.delay_TIM4_us) refers to stm32f10x_tim.o(i.TIM_ITConfig) for TIM_ITConfig
    tim4_delay.o(i.delay_TIM4_us) refers to stm32f10x_tim.o(i.TIM_Cmd) for TIM_Cmd
    tim4_delay.o(i.delay_TIM4_us) refers to tim4_delay.o(.data) for f_timer_4_end
    led.o(i.LedDisplayInit) refers to tim4_delay.o(i.delay_TIM4_us) for delay_TIM4_us
    led.o(i.LedDisplayShow) refers to led.o(.data) for dig7seg
    adc.o(i.my_ADC_init) refers to stm32f10x_rcc.o(i.RCC_APB2PeriphClockCmd) for RCC_APB2PeriphClockCmd
    adc.o(i.my_ADC_init) refers to stm32f10x_gpio.o(i.GPIO_StructInit) for GPIO_StructInit
    adc.o(i.my_ADC_init) refers to stm32f10x_gpio.o(i.GPIO_Init) for GPIO_Init
    adc.o(i.my_ADC_init) refers to stm32f10x_rcc.o(i.RCC_ADCCLKConfig) for RCC_ADCCLKConfig
    adc.o(i.my_ADC_init) refers to stm32f10x_adc.o(i.ADC_RegularChannelConfig) for ADC_RegularChannelConfig
    adc.o(i.my_ADC_init) refers to stm32f10x_adc.o(i.ADC_Init) for ADC_Init
    adc.o(i.my_ADC_init) refers to stm32f10x_adc.o(i.ADC_Cmd) for ADC_Cmd
    adc.o(i.my_ADC_init) refers to stm32f10x_adc.o(i.ADC_ResetCalibration) for ADC_ResetCalibration
    adc.o(i.my_ADC_init) refers to stm32f10x_adc.o(i.ADC_GetCalibrationStatus) for ADC_GetCalibrationStatus
    adc.o(i.my_ADC_init) refers to stm32f10x_adc.o(i.ADC_StartCalibration) for ADC_StartCalibration
    adc.o(i.my_ADC_init) refers to stm32f10x_adc.o(i.ADC_SoftwareStartConvCmd) for ADC_SoftwareStartConvCmd
    rtc.o(i.RTC_GetDateTime) refers to lludivv7m.o(.text) for __aeabi_uldivmod
    rtc.o(i.RTC_IRQHandler) refers to stm32f10x_rtc.o(i.RTC_GetITStatus) for RTC_GetITStatus
    rtc.o(i.RTC_IRQHandler) refers to stm32f10x_rtc.o(i.RTC_ClearITPendingBit) for RTC_ClearITPendingBit
    rtc.o(i.RTC_IRQHandler) refers to rtc.o(i.my_RTC_GetOnlyTime) for my_RTC_GetOnlyTime
    rtc.o(i.RTC_IRQHandler) refers to rtc.o(.data) for sec
    rtc.o(i.my_RTC_GetOnlyTime) refers to stm32f10x_rtc.o(i.RTC_GetCounter) for RTC_GetCounter
    rtc.o(i.my_RTC_GetOnlyTime) refers to rtc.o(i.my_RtcToTime) for my_RtcToTime
    rtc.o(i.my_RTC_GetTime) refers to stm32f10x_rtc.o(i.RTC_GetCounter) for RTC_GetCounter
[...]
    libspace.o(.text) refers to libspace.o(.bss) for __libspace_start
    rtexit.o(.ARM.Collect$$rtexit$$00000000) refers (Special) to rtexit2.o(.ARM.Collect$$rtexit$$00000004) for __rt_exit_exit
    rtexit.o(.ARM.Collect$$rtexit$$00000000) refers (Special) to rtexit2.o(.ARM.Collect$$rtexit$$00000003) for __rt_exit_ls
    rtexit.o(.ARM.Collect$$rtexit$$00000000) refers (Special) to rtexit2.o(.ARM.Collect$$rtexit$$00000002) for __rt_exit_prels_1
    rtexit.o(.ARM.exidx) refers (Special) to rtexit2.o(.ARM.Collect$$rtexit$$00000004) for __rt_exit_exit
    rtexit.o(.ARM.exidx) refers (Special) to rtexit2.o(.ARM.Collect$$rtexit$$00000003) for __rt_exit_ls
    rtexit.o(.ARM.exidx) refers (Special) to rtexit2.o(.ARM.Collect$$rtexit$$00000002) for __rt_exit_prels_1
    rtexit.o(.ARM.exidx) refers to rtexit.o(.ARM.Collect$$rtexit$$00000000) for .ARM.Collect$$rtexit$$00000000
    rt_raise.o(.text) refers to __raise.o(.text) for __raise
    rt_raise.o(.text) refers to sys_exit.o(.text) for _sys_exit
    defsig_exit.o(.text) refers to sys_exit.o(.text) for _sys_exit
    defsig_fpe_inner.o(.text) refers to defsig_general.o(.text) for __default_signal_display
    libinit2.o(.ARM.Collect$$libinit$$00000010) refers to libinit2.o(.ARM.Collect$$libinit$$0000000F) for .ARM.Collect$$libinit$$0000000F
    libinit2.o(.ARM.Collect$$libinit$$00000012) refers to libinit2.o(.ARM.Collect$$libinit$$0000000F) for .ARM.Collect$$libinit$$0000000F
    libinit2.o(.ARM.Collect$$libinit$$00000014) refers to libinit2.o(.ARM.Collect$$libinit$$0000000F) for .ARM.Collect$$libinit$$0000000F
    libinit2.o(.ARM.Collect$$libinit$$00000016) refers to libinit2.o(.ARM.Collect$$libinit$$0000000F) for .ARM.Collect$$libinit$$0000000F
    libinit2.o(.ARM.Collect$$libinit$$00000018) refers to libinit2.o(.ARM.Collect$$libinit$$0000000F) for .ARM.Collect$$libinit$$0000000F
    libinit2.o(.ARM.Collect$$libinit$$00000026) refers to argv_veneer.o(.emb_text) for __ARM_argv_veneer
    libinit2.o(.ARM.Collect$$libinit$$00000027) refers to argv_veneer.o(.emb_text) for __ARM_argv_veneer
    sys_exit.o(.text) refers (Special) to use_no_semi.o(.text) for __I$use$semihosting
    sys_exit.o(.text) refers (Special) to indicate_semi.o(.text) for __semihosting_library_function
    rtexit2.o(.ARM.Collect$$rtexit$$00000003) refers to libshutdown.o(.ARM.Collect$$libshutdown$$00000000) for __rt_lib_shutdown
    rtexit2.o(.ARM.Collect$$rtexit$$00000004) refers to sys_exit.o(.text) for _sys_exit
    rtexit2.o(.ARM.exidx) refers to rtexit2.o(.ARM.Collect$$rtexit$$00000001) for .ARM.Collect$$rtexit$$00000001
    rtexit2.o(.ARM.exidx) refers to rtexit2.o(.ARM.Collect$$rtexit$$00000003) for .ARM.Collect$$rtexit$$00000003
    rtexit2.o(.ARM.exidx) refers to rtexit2.o(.ARM.Collect$$rtexit$$00000004) for .ARM.Collect$$rtexit$$00000004
    __raise.o(.text) refers to defsig.o(CL$$defsig) for __default_signal_handler
    defsig_general.o(.text) refers to sys_wrch.o(.text) for _ttywrch
    argv_veneer.o(.emb_text) refers to no_argv.o(.text) for __ARM_get_argv
    sys_wrch.o(.text) refers (Special) to use_no_semi.o(.text) for __I$use$semihosting
    sys_wrch.o(.text) refers (Special) to indicate_semi.o(.text) for __semihosting_library_function
    defsig.o(CL$$defsig) refers to defsig_fpe_inner.o(.text) for __rt_SIGFPE_inner
    defsig.o(CL$$defsig) refers to defsig_rtmem_inner.o(.text) for __rt_SIGRTMEM_inner
    _get_argv_nomalloc.o(.text) refers (Special) to hrguard.o(.text) for __heap_region$guard
    _get_argv_nomalloc.o(.text) refers to defsig_rtmem_outer.o(.text) for __rt_SIGRTMEM
    _get_argv_nomalloc.o(.text) refers to sys_command.o(.text) for _sys_command_string
    libshutdown.o(.ARM.Collect$$libshutdown$$00000000) refers (Special) to libshutdown2.o(.ARM.Collect$$libshutdown$$00000004) for __rt_lib_shutdown_cpp_1
    libshutdown.o(.ARM.Collect$$libshutdown$$00000000) refers (Special) to libshutdown2.o(.ARM.Collect$$libshutdown$$00000002) for __rt_lib_shutdown_fini_1
    libshutdown.o(.ARM.Collect$$libshutdown$$00000000) refers (Special) to libshutdown2.o(.ARM.Collect$$libshutdown$$00000009) for __rt_lib_shutdown_fp_trap_1
    libshutdown.o(.ARM.Collect$$libshutdown$$00000000) refers (Special) to libshutdown2.o(.ARM.Collect$$libshutdown$$00000011) for __rt_lib_shutdown_heap_1
    libshutdown.o(.ARM.Collect$$libshutdown$$00000000) refers (Special) to libshutdown2.o(.ARM.Collect$$libshutdown$$00000012) for __rt_lib_shutdown_return
    libshutdown.o(.ARM.Collect$$libshutdown$$00000000) refers (Special) to libshutdown2.o(.ARM.Collect$$libshutdown$$0000000C) for __rt_lib_shutdown_signal_1
    libshutdown.o(.ARM.Collect$$libshutdown$$00000000) refers (Special) to libshutdown2.o(.ARM.Collect$$libshutdown$$00000006) for __rt_lib_shutdown_stdio_1
    libshutdown.o(.ARM.Collect$$libshutdown$$00000000) refers (Special) to libshutdown2.o(.ARM.Collect$$libshutdown$$0000000E) for __rt_lib_shutdown_user_alloc_1
    sys_command.o(.text) refers (Special) to use_no_semi.o(.text) for __I$use$semihosting
    sys_command.o(.text) refers (Special) to indicate_semi.o(.text) for __semihosting_library_function
    defsig_abrt_inner.o(.text) refers to defsig_general.o(.text) for __default_signal_display
    defsig_rtred_inner.o(.text) refers to defsig_general.o(.text) for __default_signal_display
    defsig_rtmem_inner.o(.text) refers to defsig_general.o(.text) for __default_signal_display
    defsig_rtmem_outer.o(.text) refers to defsig_rtmem_inner.o(.text) for __rt_SIGRTMEM_inner
    defsig_rtmem_outer.o(.text) refers to defsig_exit.o(.text) for __sig_exit
    defsig_rtmem_formal.o(.text) refers to rt_raise.o(.text) for __rt_raise
    defsig_stak_inner.o(.text) refers to defsig_general.o(.text) for __default_signal_display
    defsig_pvfn_inner.o(.text) refers to defsig_general.o(.text) for __default_signal_display
    defsig_cppl_inner.o(.text) refers to defsig_general.o(.text) for __default_signal_display
    defsig_segv_inner.o(.text) refers to defsig_general.o(.text) for __default_signal_display
    defsig_other.o(.text) refers to defsig_general.o(.text) for __default_signal_display


==============================================================================

Removing Unused input sections from the image.

    Removing main.o(.rev16_text), (4 bytes).
    Removing main.o(.revsh_text), (4 bytes).
    Removing main.o(.rrx_text), (6 bytes).
    Removing my_global.o(.rev16_text), (4 bytes).
    Removing my_global.o(.revsh_text), (4 bytes).
    Removing my_global.o(.rrx_text), (6 bytes).
    Removing gpio.o(.rev16_text), (4 bytes).
    Removing gpio.o(.revsh_text), (4 bytes).
    Removing gpio.o(.rrx_text), (6 bytes).
    Removing tim4_delay.o(.rev16_text), (4 bytes).
    Removing tim4_delay.o(.revsh_text), (4 bytes).
    Removing tim4_delay.o(.rrx_text), (6 bytes).
    Removing tim4_delay.o(i.delay_TIM4_ms), (100 bytes).
    Removing led.o(.rev16_text), (4 bytes).
    Removing led.o(.revsh_text), (4 bytes).
    Removing led.o(.rrx_text), (6 bytes).
    Removing adc.o(.rev16_text), (4 bytes).
    Removing adc.o(.revsh_text), (4 bytes).
    Removing adc.o(.rrx_text), (6 bytes).
    Removing rtc.o(.rev16_text), (4 bytes).
    Removing rtc.o(.revsh_text), (4 bytes).
    Removing rtc.o(.rrx_text), (6 bytes).
    Removing rtc.o(i.my_RTC_GetTime), (130 bytes).
    Removing rtc.o(i.my_TimeToRtc), (28 bytes).
    Removing keyboard.o(.rev16_text), (4 bytes).
    Removing keyboard.o(.revsh_text), (4 bytes).
    Removing keyboard.o(.rrx_text), (6 bytes).
    Removing set_time.o(.rev16_text), (4 bytes).
    Removing set_time.o(.revsh_text), (4 bytes).
    Removing set_time.o(.rrx_text), (6 bytes).
    Removing tim3_pwm.o(.rev16_text), (4 bytes).
    Removing tim3_pwm.o(.revsh_text), (4 bytes).
    Removing tim3_pwm.o(.rrx_text), (6 bytes).
    Removing misc.o(.rev16_text), (4 bytes).
    Removing misc.o(.revsh_text), (4 bytes).
    Removing misc.o(.rrx_text), (6 bytes).
    Removing misc.o(i.NVIC_SetVectorTable), (20 bytes).
    Removing misc.o(i.NVIC_SystemLPConfig), (32 bytes).
    Removing misc.o(i.SysTick_CLKSourceConfig), (40 bytes).
    Removing stm32f10x_adc.o(.rev16_text), (4 bytes).
    Removing stm32f10x_adc.o(.revsh_text), (4 bytes).
    Removing stm32f10x_adc.o(.rrx_text), (6 bytes).
    Removing stm32f10x_adc.o(i.ADC_AnalogWatchdogCmd), (20 bytes).
    Removing stm32f10x_adc.o(i.ADC_AnalogWatchdogSingleChannelConfig), (16 bytes).
    Removing stm32f10x_adc.o(i.ADC_AnalogWatchdogThresholdsConfig), (6 bytes).
    Removing stm32f10x_adc.o(i.ADC_AutoInjectedConvCmd), (22 bytes).
    Removing stm32f10x_adc.o(i.ADC_ClearFlag), (6 bytes).
    Removing stm32f10x_adc.o(i.ADC_ClearITPendingBit), (10 bytes).
    Removing stm32f10x_adc.o(i.ADC_DMACmd), (22 bytes).
    Removing stm32f10x_adc.o(i.ADC_DeInit), (92 bytes).
    Removing stm32f10x_adc.o(i.ADC_DiscModeChannelCountConfig), (24 bytes).
    Removing stm32f10x_adc.o(i.ADC_DiscModeCmd), (22 bytes).
    Removing stm32f10x_adc.o(i.ADC_ExternalTrigConvCmd), (22 bytes).
    Removing stm32f10x_adc.o(i.ADC_ExternalTrigInjectedConvCmd), (22 bytes).
    Removing stm32f10x_adc.o(i.ADC_ExternalTrigInjectedConvConfig), (16 bytes).
    Removing stm32f10x_adc.o(i.ADC_GetConversionValue), (8 bytes).
    Removing stm32f10x_adc.o(i.ADC_GetDualModeConversionValue), (12 bytes).
    Removing stm32f10x_adc.o(i.ADC_GetFlagStatus), (18 bytes).
    Removing stm32f10x_adc.o(i.ADC_GetITStatus), (36 bytes).
    Removing stm32f10x_adc.o(i.ADC_GetInjectedConversionValue), (28 bytes).
    Removing stm32f10x_adc.o(i.ADC_GetResetCalibrationStatus), (20 bytes).
    Removing stm32f10x_adc.o(i.ADC_GetSoftwareStartConvStatus), (20 bytes).
    Removing stm32f10x_adc.o(i.ADC_GetSoftwareStartInjectedConvCmdStatus), (20 bytes).
    Removing stm32f10x_adc.o(i.ADC_ITConfig), (24 bytes).
    Removing stm32f10x_adc.o(i.ADC_InjectedChannelConfig), (130 bytes).
    Removing stm32f10x_adc.o(i.ADC_InjectedDiscModeCmd), (22 bytes).
    Removing stm32f10x_adc.o(i.ADC_InjectedSequencerLengthConfig), (24 bytes).
    Removing stm32f10x_adc.o(i.ADC_SetInjectedOffset), (20 bytes).
    Removing stm32f10x_adc.o(i.ADC_SoftwareStartInjectedConvCmd), (22 bytes).
    Removing stm32f10x_adc.o(i.ADC_StructInit), (18 bytes).
    Removing stm32f10x_adc.o(i.ADC_TempSensorVrefintCmd), (36 bytes).
    Removing stm32f10x_bkp.o(.rev16_text), (4 bytes).
    Removing stm32f10x_bkp.o(.revsh_text), (4 bytes).
    Removing stm32f10x_bkp.o(.rrx_text), (6 bytes).
    Removing stm32f10x_bkp.o(i.BKP_ClearFlag), (20 bytes).
    Removing stm32f10x_bkp.o(i.BKP_ClearITPendingBit), (20 bytes).
    Removing stm32f10x_bkp.o(i.BKP_DeInit), (16 bytes).
    Removing stm32f10x_bkp.o(i.BKP_GetFlagStatus), (12 bytes).
    Removing stm32f10x_bkp.o(i.BKP_GetITStatus), (12 bytes).
    Removing stm32f10x_bkp.o(i.BKP_ITConfig), (12 bytes).
    Removing stm32f10x_bkp.o(i.BKP_ReadBackupRegister), (28 bytes).
    Removing stm32f10x_bkp.o(i.BKP_SetRTCCalibrationValue), (28 bytes).
    Removing stm32f10x_bkp.o(i.BKP_TamperPinCmd), (12 bytes).
    Removing stm32f10x_bkp.o(i.BKP_TamperPinLevelConfig), (12 bytes).
    Removing stm32f10x_bkp.o(i.BKP_WriteBackupRegister), (28 bytes).
    Removing stm32f10x_gpio.o(.rev16_text), (4 bytes).
    Removing stm32f10x_gpio.o(.revsh_text), (4 bytes).
    Removing stm32f10x_gpio.o(.rrx_text), (6 bytes).
    Removing stm32f10x_gpio.o(i.GPIO_AFIODeInit), (20 bytes).
    Removing stm32f10x_gpio.o(i.GPIO_DeInit), (200 bytes).
    Removing stm32f10x_gpio.o(i.GPIO_ETH_MediaInterfaceConfig), (12 bytes).
    Removing stm32f10x_gpio.o(i.GPIO_EXTILineConfig), (64 bytes).
    Removing stm32f10x_gpio.o(i.GPIO_EventOutputCmd), (12 bytes).
    Removing stm32f10x_gpio.o(i.GPIO_EventOutputConfig), (32 bytes).
    Removing stm32f10x_gpio.o(i.GPIO_PinLockConfig), (18 bytes).
    Removing stm32f10x_gpio.o(i.GPIO_ReadInputData), (8 bytes).
    Removing stm32f10x_gpio.o(i.GPIO_ReadInputDataBit), (18 bytes).
    Removing stm32f10x_gpio.o(i.GPIO_ReadOutputData), (8 bytes).
    Removing stm32f10x_gpio.o(i.GPIO_ReadOutputDataBit), (18 bytes).
    Removing stm32f10x_gpio.o(i.GPIO_ResetBits), (4 bytes).
    Removing stm32f10x_gpio.o(i.GPIO_SetBits), (4 bytes).
    Removing stm32f10x_gpio.o(i.GPIO_Write), (4 bytes).
    Removing stm32f10x_gpio.o(i.GPIO_WriteBit), (10 bytes).
    Removing stm32f10x_pwr.o(.rev16_text), (4 bytes).
    Removing stm32f10x_pwr.o(.revsh_text), (4 bytes).
    Removing stm32f10x_pwr.o(.rrx_text), (6 bytes).
    Removing stm32f10x_pwr.o(i.PWR_ClearFlag), (20 bytes).
    Removing stm32f10x_pwr.o(i.PWR_DeInit), (22 bytes).
    Removing stm32f10x_pwr.o(i.PWR_EnterSTANDBYMode), (40 bytes).
    Removing stm32f10x_pwr.o(i.PWR_EnterSTOPMode), (64 bytes).
    Removing stm32f10x_pwr.o(i.PWR_GetFlagStatus), (24 bytes).
    Removing stm32f10x_pwr.o(i.PWR_PVDCmd), (12 bytes).
    Removing stm32f10x_pwr.o(i.PWR_PVDLevelConfig), (24 bytes).
    Removing stm32f10x_pwr.o(i.PWR_WakeUpPinCmd), (12 bytes).
    Removing stm32f10x_rcc.o(.rev16_text), (4 bytes).
    Removing stm32f10x_rcc.o(.revsh_text), (4 bytes).
    Removing stm32f10x_rcc.o(.rrx_text), (6 bytes).
    Removing stm32f10x_rcc.o(i.RCC_AHBPeriphClockCmd), (32 bytes).
    Removing stm32f10x_rcc.o(i.RCC_APB1PeriphResetCmd), (32 bytes).
    Removing stm32f10x_rcc.o(i.RCC_APB2PeriphResetCmd), (32 bytes).
    Removing stm32f10x_rcc.o(i.RCC_AdjustHSICalibrationValue), (24 bytes).
    Removing stm32f10x_rcc.o(i.RCC_ClearFlag), (20 bytes).
    Removing stm32f10x_rcc.o(i.RCC_ClearITPendingBit), (12 bytes).
    Removing stm32f10x_rcc.o(i.RCC_ClockSecuritySystemCmd), (12 bytes).
    Removing stm32f10x_rcc.o(i.RCC_DeInit), (76 bytes).
    Removing stm32f10x_rcc.o(i.RCC_GetClocksFreq), (212 bytes).
    Removing stm32f10x_rcc.o(i.RCC_GetFlagStatus), (60 bytes).
    Removing stm32f10x_rcc.o(i.RCC_GetITStatus), (24 bytes).
    Removing stm32f10x_rcc.o(i.RCC_GetSYSCLKSource), (16 bytes).
    Removing stm32f10x_rcc.o(i.RCC_HCLKConfig), (24 bytes).
    Removing stm32f10x_rcc.o(i.RCC_HSEConfig), (76 bytes).
    Removing stm32f10x_rcc.o(i.RCC_HSICmd), (12 bytes).
    Removing stm32f10x_rcc.o(i.RCC_ITConfig), (32 bytes).
    Removing stm32f10x_rcc.o(i.RCC_LSICmd), (12 bytes).
    Removing stm32f10x_rcc.o(i.RCC_MCOConfig), (12 bytes).
    Removing stm32f10x_rcc.o(i.RCC_PCLK1Config), (24 bytes).
    Removing stm32f10x_rcc.o(i.RCC_PCLK2Config), (24 bytes).
    Removing stm32f10x_rcc.o(i.RCC_PLLCmd), (12 bytes).
    Removing stm32f10x_rcc.o(i.RCC_PLLConfig), (28 bytes).
    Removing stm32f10x_rcc.o(i.RCC_SYSCLKConfig), (24 bytes).
    Removing stm32f10x_rcc.o(i.RCC_USBCLKConfig), (12 bytes).
    Removing stm32f10x_rcc.o(i.RCC_WaitForHSEStartUp), (56 bytes).
    Removing stm32f10x_rcc.o(.data), (20 bytes).
    Removing stm32f10x_rtc.o(.rev16_text), (4 bytes).
    Removing stm32f10x_rtc.o(.revsh_text), (4 bytes).
    Removing stm32f10x_rtc.o(.rrx_text), (6 bytes).
    Removing stm32f10x_rtc.o(i.RTC_ClearFlag), (16 bytes).
    Removing stm32f10x_rtc.o(i.RTC_GetDivider), (24 bytes).
    Removing stm32f10x_rtc.o(i.RTC_GetFlagStatus), (24 bytes).
    Removing stm32f10x_rtc.o(i.RTC_SetAlarm), (28 bytes).
    Removing stm32f10x_tim.o(.rev16_text), (4 bytes).
    Removing stm32f10x_tim.o(.revsh_text), (4 bytes).
    Removing stm32f10x_tim.o(.rrx_text), (6 bytes).
    Removing stm32f10x_tim.o(i.TI1_Config), (128 bytes).
    Removing stm32f10x_tim.o(i.TI2_Config), (152 bytes).
    Removing stm32f10x_tim.o(i.TI3_Config), (144 bytes).
    Removing stm32f10x_tim.o(i.TI4_Config), (152 bytes).
    Removing stm32f10x_tim.o(i.TIM_ARRPreloadConfig), (24 bytes).
    Removing stm32f10x_tim.o(i.TIM_BDTRConfig), (32 bytes).
    Removing stm32f10x_tim.o(i.TIM_BDTRStructInit), (18 bytes).
    Removing stm32f10x_tim.o(i.TIM_CCPreloadControl), (24 bytes).
    Removing stm32f10x_tim.o(i.TIM_CCxCmd), (30 bytes).
    Removing stm32f10x_tim.o(i.TIM_CCxNCmd), (30 bytes).
    Removing stm32f10x_tim.o(i.TIM_ClearFlag), (6 bytes).
    Removing stm32f10x_tim.o(i.TIM_ClearOC1Ref), (18 bytes).
    Removing stm32f10x_tim.o(i.TIM_ClearOC2Ref), (24 bytes).
    Removing stm32f10x_tim.o(i.TIM_ClearOC3Ref), (18 bytes).
    Removing stm32f10x_tim.o(i.TIM_ClearOC4Ref), (24 bytes).
    Removing stm32f10x_tim.o(i.TIM_CounterModeConfig), (18 bytes).
    Removing stm32f10x_tim.o(i.TIM_CtrlPWMOutputs), (30 bytes).
    Removing stm32f10x_tim.o(i.TIM_DMACmd), (18 bytes).
    Removing stm32f10x_tim.o(i.TIM_DMAConfig), (10 bytes).
    Removing stm32f10x_tim.o(i.TIM_DeInit), (488 bytes).
    Removing stm32f10x_tim.o(i.TIM_ETRClockMode1Config), (54 bytes).
    Removing stm32f10x_tim.o(i.TIM_ETRClockMode2Config), (32 bytes).
    Removing stm32f10x_tim.o(i.TIM_ETRConfig), (28 bytes).
    Removing stm32f10x_tim.o(i.TIM_EncoderInterfaceConfig), (66 bytes).
    Removing stm32f10x_tim.o(i.TIM_ForcedOC1Config), (18 bytes).
    Removing stm32f10x_tim.o(i.TIM_ForcedOC2Config), (26 bytes).
    Removing stm32f10x_tim.o(i.TIM_ForcedOC3Config), (18 bytes).
    Removing stm32f10x_tim.o(i.TIM_ForcedOC4Config), (26 bytes).
    Removing stm32f10x_tim.o(i.TIM_GenerateEvent), (4 bytes).
    Removing stm32f10x_tim.o(i.TIM_GetCapture1), (6 bytes).
    Removing stm32f10x_tim.o(i.TIM_GetCapture2), (6 bytes).
    Removing stm32f10x_tim.o(i.TIM_GetCapture3), (6 bytes).
    Removing stm32f10x_tim.o(i.TIM_GetCapture4), (8 bytes).
    Removing stm32f10x_tim.o(i.TIM_GetCounter), (6 bytes).
    Removing stm32f10x_tim.o(i.TIM_GetFlagStatus), (18 bytes).
    Removing stm32f10x_tim.o(i.TIM_GetPrescaler), (6 bytes).
    Removing stm32f10x_tim.o(i.TIM_ICInit), (172 bytes).
    Removing stm32f10x_tim.o(i.TIM_ICStructInit), (18 bytes).
    Removing stm32f10x_tim.o(i.TIM_ITRxExternalClockConfig), (24 bytes).
    Removing stm32f10x_tim.o(i.TIM_InternalClockConfig), (12 bytes).
    Removing stm32f10x_tim.o(i.TIM_OC1FastConfig), (18 bytes).
    Removing stm32f10x_tim.o(i.TIM_OC1Init), (152 bytes).
    Removing stm32f10x_tim.o(i.TIM_OC1NPolarityConfig), (18 bytes).
    Removing stm32f10x_tim.o(i.TIM_OC1PolarityConfig), (18 bytes).
    Removing stm32f10x_tim.o(i.TIM_OC1PreloadConfig), (18 bytes).
    Removing stm32f10x_tim.o(i.TIM_OC2FastConfig), (26 bytes).
    Removing stm32f10x_tim.o(i.TIM_OC2NPolarityConfig), (26 bytes).
    Removing stm32f10x_tim.o(i.TIM_OC2PolarityConfig), (26 bytes).
    Removing stm32f10x_tim.o(i.TIM_OC3FastConfig), (18 bytes).
    Removing stm32f10x_tim.o(i.TIM_OC3Init), (160 bytes).
    Removing stm32f10x_tim.o(i.TIM_OC3NPolarityConfig), (26 bytes).
    Removing stm32f10x_tim.o(i.TIM_OC3PolarityConfig), (26 bytes).
    Removing stm32f10x_tim.o(i.TIM_OC3PreloadConfig), (18 bytes).
    Removing stm32f10x_tim.o(i.TIM_OC4FastConfig), (26 bytes).
    Removing stm32f10x_tim.o(i.TIM_OC4Init), (124 bytes).
    Removing stm32f10x_tim.o(i.TIM_OC4PolarityConfig), (26 bytes).
    Removing stm32f10x_tim.o(i.TIM_OC4PreloadConfig), (26 bytes).
    Removing stm32f10x_tim.o(i.TIM_PWMIConfig), (124 bytes).
    Removing stm32f10x_tim.o(i.TIM_PrescalerConfig), (6 bytes).
    Removing stm32f10x_tim.o(i.TIM_SelectCCDMA), (24 bytes).
    Removing stm32f10x_tim.o(i.TIM_SelectCOM), (24 bytes).
    Removing stm32f10x_tim.o(i.TIM_SelectHallSensor), (24 bytes).
    Removing stm32f10x_tim.o(i.TIM_SelectInputTrigger), (18 bytes).
    Removing stm32f10x_tim.o(i.TIM_SelectMasterSlaveMode), (18 bytes).
    Removing stm32f10x_tim.o(i.TIM_SelectOCxM), (82 bytes).
    Removing stm32f10x_tim.o(i.TIM_SelectOnePulseMode), (18 bytes).
    Removing stm32f10x_tim.o(i.TIM_SelectOutputTrigger), (18 bytes).
    Removing stm32f10x_tim.o(i.TIM_SelectSlaveMode), (18 bytes).
    Removing stm32f10x_tim.o(i.TIM_SetAutoreload), (4 bytes).
    Removing stm32f10x_tim.o(i.TIM_SetClockDivision), (18 bytes).
    Removing stm32f10x_tim.o(i.TIM_SetCompare1), (4 bytes).
    Removing stm32f10x_tim.o(i.TIM_SetCompare2), (4 bytes).
    Removing stm32f10x_tim.o(i.TIM_SetCompare3), (4 bytes).
    Removing stm32f10x_tim.o(i.TIM_SetCompare4), (6 bytes).
    Removing stm32f10x_tim.o(i.TIM_SetCounter), (4 bytes).
    Removing stm32f10x_tim.o(i.TIM_SetIC1Prescaler), (18 bytes).
    Removing stm32f10x_tim.o(i.TIM_SetIC2Prescaler), (26 bytes).
    Removing stm32f10x_tim.o(i.TIM_SetIC3Prescaler), (18 bytes).
    Removing stm32f10x_tim.o(i.TIM_SetIC4Prescaler), (26 bytes).
    Removing stm32f10x_tim.o(i.TIM_TIxExternalClockConfig), (62 bytes).
    Removing stm32f10x_tim.o(i.TIM_UpdateDisableConfig), (24 bytes).
    Removing stm32f10x_tim.o(i.TIM_UpdateRequestConfig), (24 bytes).
    Removing system_stm32f10x.o(.rev16_text), (4 bytes).
    Removing system_stm32f10x.o(.revsh_text), (4 bytes).
    Removing system_stm32f10x.o(.rrx_text), (6 bytes).
    Removing system_stm32f10x.o(i.SystemCoreClockUpdate), (164 bytes).

239 unused section(s) (total 6710 bytes) removed from the image.

==============================================================================

Image Symbol Table

    Local Symbols

    Symbol Name                              Value     Ov Type        Size  Object(Section)

    ../clib/angel/boardlib.s                 0x00000000   Number         0  boardshut.o ABSOLUTE
    ../clib/angel/boardlib.s                 0x00000000   Number         0  boardinit1.o ABSOLUTE
    ../clib/angel/boardlib.s                 0x00000000   Number         0  boardinit2.o ABSOLUTE
    ../clib/angel/boardlib.s                 0x00000000   Number         0  boardinit3.o ABSOLUTE
    ../clib/angel/handlers.s                 0x00000000   Number         0  __scatter_copy.o ABSOLUTE
    ../clib/angel/handlers.s                 0x00000000   Number         0  __scatter_zi.o ABSOLUTE
    ../clib/angel/kernel.s                   0x00000000   Number         0  rtexit2.o ABSOLUTE
    ../clib/angel/kernel.s                   0x00000000   Number         0  __rtentry2.o ABSOLUTE
    ../clib/angel/kernel.s                   0x00000000   Number         0  rtexit.o ABSOLUTE
    ../clib/angel/kernel.s                   0x00000000   Number         0  __rtentry.o ABSOLUTE
    ../clib/angel/kernel.s                   0x00000000   Number         0  __rtentry4.o ABSOLUTE
    ../clib/angel/rt.s                       0x00000000   Number         0  rt_raise.o ABSOLUTE
    ../clib/angel/rt.s                       0x00000000   Number         0  rt_div0.o ABSOLUTE
    ../clib/angel/rt.s                       0x00000000   Number         0  aeabi_ldiv0_sigfpe.o ABSOLUTE
    ../clib/angel/rt.s                       0x00000000   Number         0  aeabi_ldiv0.o ABSOLUTE
    ../clib/angel/scatter.s                  0x00000000   Number         0  __scatter.o ABSOLUTE
    ../clib/angel/startup.s                  0x00000000   Number         0  __main.o ABSOLUTE
    ../clib/angel/sys.s                      0x00000000   Number         0  libspace.o ABSOLUTE
    ../clib/angel/sys.s                      0x00000000   Number         0  use_no_semi.o ABSOLUTE
    ../clib/angel/sys.s                      0x00000000   Number         0  indicate_semi.o ABSOLUTE
    ../clib/angel/sys.s                      0x00000000   Number         0  sys_stackheap_outer.o ABSOLUTE
    ../clib/angel/sysapp.c                   0x00000000   Number         0  sys_command.o ABSOLUTE
    ../clib/angel/sysapp.c                   0x00000000   Number         0  sys_exit.o ABSOLUTE
    ../clib/angel/sysapp.c                   0x00000000   Number         0  sys_wrch.o ABSOLUTE
    ../clib/armsys.c                         0x00000000   Number         0  argv_veneer.o ABSOLUTE
    ../clib/armsys.c                         0x00000000   Number         0  _get_argv_nomalloc.o ABSOLUTE
    ../clib/armsys.c                         0x00000000   Number         0  argv_veneer.o ABSOLUTE
    ../clib/armsys.c                         0x00000000   Number         0  no_argv.o ABSOLUTE
    ../clib/heapalloc.c                      0x00000000   Number         0  hrguard.o ABSOLUTE
    ../clib/heapaux.c                        0x00000000   Number         0  heapauxi.o ABSOLUTE
    ../clib/libinit.s                        0x00000000   Number         0  libinit.o ABSOLUTE
    ../clib/libinit.s                        0x00000000   Number         0  libshutdown2.o ABSOLUTE
    ../clib/libinit.s                        0x00000000   Number         0  libinit2.o ABSOLUTE
    ../clib/libinit.s                        0x00000000   Number         0  libshutdown.o ABSOLUTE
    ../clib/longlong.s                       0x00000000   Number         0  lludivv7m.o ABSOLUTE
    ../clib/signal.c                         0x00000000   Number         0  defsig_rtred_inner.o ABSOLUTE
    ../clib/signal.c                         0x00000000   Number         0  __raise.o ABSOLUTE
    ../clib/signal.c                         0x00000000   Number         0  defsig_general.o ABSOLUTE
    ../clib/signal.c                         0x00000000   Number         0  defsig_rtmem_formal.o ABSOLUTE
    ../clib/signal.c                         0x00000000   Number         0  defsig_exit.o ABSOLUTE
    ../clib/signal.c                         0x00000000   Number         0  defsig_fpe_inner.o ABSOLUTE
    ../clib/signal.c                         0x00000000   Number         0  defsig_abrt_inner.o ABSOLUTE
    ../clib/signal.c                         0x00000000   Number         0  defsig_rtmem_inner.o ABSOLUTE
    ../clib/signal.c                         0x00000000   Number         0  defsig_rtmem_outer.o ABSOLUTE
    ../clib/signal.c                         0x00000000   Number         0  defsig_other.o ABSOLUTE
    ../clib/signal.c                         0x00000000   Number         0  defsig_stak_inner.o ABSOLUTE
    ../clib/signal.c                         0x00000000   Number         0  defsig_segv_inner.o ABSOLUTE
    ../clib/signal.c                         0x00000000   Number         0  defsig_cppl_inner.o ABSOLUTE
    ../clib/signal.c                         0x00000000   Number         0  defsig_pvfn_inner.o ABSOLUTE
    ../clib/signal.c                         0x00000000   Number         0  defsig_fpe_formal.o ABSOLUTE
    ../clib/signal.c                         0x00000000   Number         0  defsig_fpe_outer.o ABSOLUTE
    ../clib/signal.s                         0x00000000   Number         0  defsig.o ABSOLUTE
    ../clib/stdlib.c                         0x00000000   Number         0  exit.o ABSOLUTE
    ../fplib/fdiv.s                          0x00000000   Number         0  fdiv.o ABSOLUTE
    ../fplib/ffixu.s                         0x00000000   Number         0  ffixu.o ABSOLUTE
    ../fplib/fflt.s                          0x00000000   Number         0  fflt_clz.o ABSOLUTE
    ../fplib/fmul.s                          0x00000000   Number         0  fmul.o ABSOLUTE
    ../fplib/fnaninf.s                       0x00000000   Number         0  fnaninf.o ABSOLUTE
    ../fplib/fpinit.s                        0x00000000   Number         0  fpinit.o ABSOLUTE
    ../fplib/fretinf.s                       0x00000000   Number         0  fretinf.o ABSOLUTE
    ../fplib/usenofp.s                       0x00000000   Number         0  usenofp.o ABSOLUTE
    D:/Keil_v5/Packs/Keil/STM32F1xx_DFP/2.4.0/Device/StdPeriph_Driver/src/misc.c 0x00000000   Number         0  misc.o ABSOLUTE
    D:/Keil_v5/Packs/Keil/STM32F1xx_DFP/2.4.0/Device/StdPeriph_Driver/src/stm32f10x_adc.c 0x00000000   Number         0  stm32f10x_adc.o ABSOLUTE
    D:/Keil_v5/Packs/Keil/STM32F1xx_DFP/2.4.0/Device/StdPeriph_Driver/src/stm32f10x_bkp.c 0x00000000   Number         0  stm32f10x_bkp.o ABSOLUTE
    D:/Keil_v5/Packs/Keil/STM32F1xx_DFP/2.4.0/Device/StdPeriph_Driver/src/stm32f10x_gpio.c 0x00000000   Number         0  stm32f10x_gpio.o ABSOLUTE
    D:/Keil_v5/Packs/Keil/STM32F1xx_DFP/2.4.0/Device/StdPeriph_Driver/src/stm32f10x_pwr.c 0x00000000   Number         0  stm32f10x_pwr.o ABSOLUTE
    D:/Keil_v5/Packs/Keil/STM32F1xx_DFP/2.4.0/Device/StdPeriph_Driver/src/stm32f10x_rcc.c 0x00000000   Number         0  stm32f10x_rcc.o ABSOLUTE
    D:/Keil_v5/Packs/Keil/STM32F1xx_DFP/2.4.0/Device/StdPeriph_Driver/src/stm32f10x_rtc.c 0x00000000   Number         0  stm32f10x_rtc.o ABSOLUTE
    D:/Keil_v5/Packs/Keil/STM32F1xx_DFP/2.4.0/Device/StdPeriph_Driver/src/stm32f10x_tim.c 0x00000000   Number         0  stm32f10x_tim.o ABSOLUTE
    D:\Keil_v5\Packs\Keil\STM32F1xx_DFP\2.4.0\Device\StdPeriph_Driver\src\misc.c 0x00000000   Number         0  misc.o ABSOLUTE
    D:\Keil_v5\Packs\Keil\STM32F1xx_DFP\2.4.0\Device\StdPeriph_Driver\src\stm32f10x_adc.c 0x00000000   Number         0  stm32f10x_adc.o ABSOLUTE
    D:\Keil_v5\Packs\Keil\STM32F1xx_DFP\2.4.0\Device\StdPeriph_Driver\src\stm32f10x_bkp.c 0x00000000   Number         0  stm32f10x_bkp.o ABSOLUTE
    D:\Keil_v5\Packs\Keil\STM32F1xx_DFP\2.4.0\Device\StdPeriph_Driver\src\stm32f10x_gpio.c 0x00000000   Number         0  stm32f10x_gpio.o ABSOLUTE
    D:\Keil_v5\Packs\Keil\STM32F1xx_DFP\2.4.0\Device\StdPeriph_Driver\src\stm32f10x_pwr.c 0x00000000   Number         0  stm32f10x_pwr.o ABSOLUTE
    D:\Keil_v5\Packs\Keil\STM32F1xx_DFP\2.4.0\Device\StdPeriph_Driver\src\stm32f10x_rcc.c 0x00000000   Number         0  stm32f10x_rcc.o ABSOLUTE
    D:\Keil_v5\Packs\Keil\STM32F1xx_DFP\2.4.0\Device\StdPeriph_Driver\src\stm32f10x_rtc.c 0x00000000   Number         0  stm32f10x_rtc.o ABSOLUTE
    D:\Keil_v5\Packs\Keil\STM32F1xx_DFP\2.4.0\Device\StdPeriph_Driver\src\stm32f10x_tim.c 0x00000000   Number         0  stm32f10x_tim.o ABSOLUTE
    My_ADC\\adc.c                            0x00000000   Number         0  adc.o ABSOLUTE
    My_ADC\adc.c                             0x00000000   Number         0  adc.o ABSOLUTE
    My_GPIO\\gpio.c                          0x00000000   Number         0  gpio.o ABSOLUTE
    My_GPIO\gpio.c                           0x00000000   Number         0  gpio.o ABSOLUTE
    My_Keyboard\\keyboard.c                  0x00000000   Number         0  keyboard.o ABSOLUTE
    My_Keyboard\keyboard.c                   0x00000000   Number         0  keyboard.o ABSOLUTE
    My_LED\\led.c                            0x00000000   Number         0  led.o ABSOLUTE
    My_LED\led.c                             0x00000000   Number         0  led.o ABSOLUTE
    My_RTC\\rtc.c                            0x00000000   Number         0  rtc.o ABSOLUTE
    My_RTC\\set_time.c                       0x00000000   Number         0  set_time.o ABSOLUTE
    My_RTC\rtc.c                             0x00000000   Number         0  rtc.o ABSOLUTE
    My_RTC\set_time.c                        0x00000000   Number         0  set_time.o ABSOLUTE
    My_TIM3\\tim3_pwm.c                      0x00000000   Number         0  tim3_pwm.o ABSOLUTE
    My_TIM3\tim3_pwm.c                       0x00000000   Number         0  tim3_pwm.o ABSOLUTE
    My_TIM4\\tim4_delay.c                    0x00000000   Number         0  tim4_delay.o ABSOLUTE
    My_TIM4\tim4_delay.c                     0x00000000   Number         0  tim4_delay.o ABSOLUTE
    RTE/Device/STM32F103C8/startup_stm32f10x_md.s 0x00000000   Number         0  startup_stm32f10x_md.o ABSOLUTE
    RTE/Device/STM32F103C8/system_stm32f10x.c 0x00000000   Number         0  system_stm32f10x.o ABSOLUTE
    RTE\Device\STM32F103C8\system_stm32f10x.c 0x00000000   Number         0  system_stm32f10x.o ABSOLUTE
    dc.s                                     0x00000000   Number         0  dc.o ABSOLUTE
    main.c                                   0x00000000   Number         0  main.o ABSOLUTE
    main.c                                   0x00000000   Number         0  main.o ABSOLUTE
    my_global.c                              0x00000000   Number         0  my_global.o ABSOLUTE
    my_global.c                              0x00000000   Number         0  my_global.o ABSOLUTE
    RESET                                    0x08000000   Section      236  startup_stm32f10x_md.o(RESET)
    !!!main                                  0x080000ec   Section        8  __main.o(!!!main)
    !!!scatter                               0x080000f4   Section       52  __scatter.o(!!!scatter)
    !!handler_copy                           0x08000128   Section       26  __scatter_copy.o(!!handler_copy)
    !!handler_zi                             0x08000144   Section       28  __scatter_zi.o(!!handler_zi)
    .ARM.Collect$$libinit$$00000000          0x08000160   Section        2  libinit.o(.ARM.Collect$$libinit$$00000000)
    .ARM.Collect$$libinit$$00000002          0x08000162   Section        0  libinit2.o(.ARM.Collect$$libinit$$00000002)
    .ARM.Collect$$libinit$$00000004          0x08000162   Section        0  libinit2.o(.ARM.Collect$$libinit$$00000004)
    .ARM.Collect$$libinit$$0000000A          0x08000162   Section        0  libinit2.o(.ARM.Collect$$libinit$$0000000A)
    .ARM.Collect$$libinit$$0000000C          0x08000162   Section        0  libinit2.o(.ARM.Collect$$libinit$$0000000C)
    .ARM.Collect$$libinit$$0000000E          0x08000162   Section        0  libinit2.o(.ARM.Collect$$libinit$$0000000E)
    .ARM.Collect$$libinit$$00000011          0x08000162   Section        0  libinit2.o(.ARM.Collect$$libinit$$00000011)
    .ARM.Collect$$libinit$$00000013          0x08000162   Section        0  libinit2.o(.ARM.Collect$$libinit$$00000013)
    .ARM.Collect$$libinit$$00000015          0x08000162   Section        0  libinit2.o(.ARM.Collect$$libinit$$00000015)
    .ARM.Collect$$libinit$$00000017          0x08000162   Section        0  libinit2.o(.ARM.Collect$$libinit$$00000017)
    .ARM.Collect$$libinit$$00000019          0x08000162   Section        0  libinit2.o(.ARM.Collect$$libinit$$00000019)
    .ARM.Collect$$libinit$$0000001B          0x08000162   Section        0  libinit2.o(.ARM.Collect$$libinit$$0000001B)
    .ARM.Collect$$libinit$$0000001D          0x08000162   Section        0  libinit2.o(.ARM.Collect$$libinit$$0000001D)
    .ARM.Collect$$libinit$$0000001F          0x08000162   Section        0  libinit2.o(.ARM.Collect$$libinit$$0000001F)
    .ARM.Collect$$libinit$$00000021          0x08000162   Section        0  libinit2.o(.ARM.Collect$$libinit$$00000021)
    .ARM.Collect$$libinit$$00000023          0x08000162   Section        0  libinit2.o(.ARM.Collect$$libinit$$00000023)
    .ARM.Collect$$libinit$$00000025          0x08000162   Section        0  libinit2.o(.ARM.Collect$$libinit$$00000025)
    .ARM.Collect$$libinit$$0000002C          0x08000162   Section        0  libinit2.o(.ARM.Collect$$libinit$$0000002C)
    .ARM.Collect$$libinit$$0000002E          0x08000162   Section        0  libinit2.o(.ARM.Collect$$libinit$$0000002E)
    .ARM.Collect$$libinit$$00000030          0x08000162   Section        0  libinit2.o(.ARM.Collect$$libinit$$00000030)
    .ARM.Collect$$libinit$$00000032          0x08000162   Section        0  libinit2.o(.ARM.Collect$$libinit$$00000032)
    .ARM.Collect$$libinit$$00000033          0x08000162   Section        2  libinit2.o(.ARM.Collect$$libinit$$00000033)
    .ARM.Collect$$libshutdown$$00000000      0x08000164   Section        2  libshutdown.o(.ARM.Collect$$libshutdown$$00000000)
    .ARM.Collect$$libshutdown$$00000002      0x08000166   Section        0  libshutdown2.o(.ARM.Collect$$libshutdown$$00000002)
    .ARM.Collect$$libshutdown$$00000004      0x08000166   Section        0  libshutdown2.o(.ARM.Collect$$libshutdown$$00000004)
    .ARM.Collect$$libshutdown$$00000006      0x08000166   Section        0  libshutdown2.o(.ARM.Collect$$libshutdown$$00000006)
    .ARM.Collect$$libshutdown$$00000009      0x08000166   Section        0  libshutdown2.o(.ARM.Collect$$libshutdown$$00000009)
    .ARM.Collect$$libshutdown$$0000000C      0x08000166   Section        0  libshutdown2.o(.ARM.Collect$$libshutdown$$0000000C)
    .ARM.Collect$$libshutdown$$0000000E      0x08000166   Section        0  libshutdown2.o(.ARM.Collect$$libshutdown$$0000000E)
    .ARM.Collect$$libshutdown$$00000011      0x08000166   Section        0  libshutdown2.o(.ARM.Collect$$libshutdown$$00000011)
    .ARM.Collect$$libshutdown$$00000012      0x08000166   Section        2  libshutdown2.o(.ARM.Collect$$libshutdown$$00000012)
    .ARM.Collect$$rtentry$$00000000          0x08000168   Section        0  __rtentry.o(.ARM.Collect$$rtentry$$00000000)
    .ARM.Collect$$rtentry$$00000002          0x08000168   Section        0  __rtentry2.o(.ARM.Collect$$rtentry$$00000002)
    .ARM.Collect$$rtentry$$00000004          0x08000168   Section        6  __rtentry4.o(.ARM.Collect$$rtentry$$00000004)
    .ARM.Collect$$rtentry$$00000009          0x0800016e   Section        0  __rtentry2.o(.ARM.Collect$$rtentry$$00000009)
    .ARM.Collect$$rtentry$$0000000A          0x0800016e   Section        4  __rtentry2.o(.ARM.Collect$$rtentry$$0000000A)
    .ARM.Collect$$rtentry$$0000000C          0x08000172   Section        0  __rtentry2.o(.ARM.Collect$$rtentry$$0000000C)
    .ARM.Collect$$rtentry$$0000000D          0x08000172   Section        8  __rtentry2.o(.ARM.Collect$$rtentry$$0000000D)
    .ARM.Collect$$rtexit$$00000000           0x0800017a   Section        2  rtexit.o(.ARM.Collect$$rtexit$$00000000)
    .ARM.Collect$$rtexit$$00000002           0x0800017c   Section        0  rtexit2.o(.ARM.Collect$$rtexit$$00000002)
    .ARM.Collect$$rtexit$$00000003           0x0800017c   Section        4  rtexit2.o(.ARM.Collect$$rtexit$$00000003)
    .ARM.Collect$$rtexit$$00000004           0x08000180   Section        6  rtexit2.o(.ARM.Collect$$rtexit$$00000004)
    .text                                    0x08000188   Section       64  startup_stm32f10x_md.o(.text)
    .text                                    0x080001c8   Section      238  lludivv7m.o(.text)
    .text                                    0x080002b6   Section        0  heapauxi.o(.text)
    .text                                    0x080002bc   Section       74  sys_stackheap_outer.o(.text)
    .text                                    0x08000306   Section        0  exit.o(.text)
    .text                                    0x08000318   Section        8  libspace.o(.text)
    .text                                    0x08000320   Section        0  sys_exit.o(.text)
    .text                                    0x0800032c   Section        2  use_no_semi.o(.text)
    .text                                    0x0800032e   Section        0  indicate_semi.o(.text)
    i.ADC_Cmd                                0x0800032e   Section        0  stm32f10x_adc.o(i.ADC_Cmd)
    i.ADC_GetCalibrationStatus               0x08000344   Section        0  stm32f10x_adc.o(i.ADC_GetCalibrationStatus)
    i.ADC_Init                               0x08000358   Section        0  stm32f10x_adc.o(i.ADC_Init)
    i.ADC_RegularChannelConfig               0x080003a8   Section        0  stm32f10x_adc.o(i.ADC_RegularChannelConfig)
    i.ADC_ResetCalibration                   0x08000460   Section        0  stm32f10x_adc.o(i.ADC_ResetCalibration)
    i.ADC_SoftwareStartConvCmd               0x0800046a   Section        0  stm32f10x_adc.o(i.ADC_SoftwareStartConvCmd)
    i.ADC_StartCalibration                   0x08000480   Section        0  stm32f10x_adc.o(i.ADC_StartCalibration)
    i.BKP_RTCOutputConfig                    0x0800048c   Section        0  stm32f10x_bkp.o(i.BKP_RTCOutputConfig)
    i.GPIO_Init                              0x080004a8   Section        0  stm32f10x_gpio.o(i.GPIO_Init)
    i.GPIO_PinRemapConfig                    0x080005c0   Section        0  stm32f10x_gpio.o(i.GPIO_PinRemapConfig)
    i.GPIO_StructInit                        0x08000650   Section        0  stm32f10x_gpio.o(i.GPIO_StructInit)
    i.HardFault_Handler                      0x08000660   Section        0  my_global.o(i.HardFault_Handler)
    i.Init_Bright_Dp                         0x0800068c   Section        0  tim3_pwm.o(i.Init_Bright_Dp)
    i.LedDisplayInit                         0x0800073c   Section        0  led.o(i.LedDisplayInit)
    i.LedDisplayShow                         0x0800077c   Section        0  led.o(i.LedDisplayShow)
    i.NVIC_Init                              0x0800089c   Section        0  misc.o(i.NVIC_Init)
    i.NVIC_PriorityGroupConfig               0x0800090c   Section        0  misc.o(i.NVIC_PriorityGroupConfig)
    i.PWR_BackupAccessCmd                    0x08000920   Section        0  stm32f10x_pwr.o(i.PWR_BackupAccessCmd)
    i.RCC_ADCCLKConfig                       0x0800092c   Section        0  stm32f10x_rcc.o(i.RCC_ADCCLKConfig)
    i.RCC_APB1PeriphClockCmd                 0x08000944   Section        0  stm32f10x_rcc.o(i.RCC_APB1PeriphClockCmd)
    i.RCC_APB2PeriphClockCmd                 0x08000964   Section        0  stm32f10x_rcc.o(i.RCC_APB2PeriphClockCmd)
    i.RCC_BackupResetCmd                     0x08000984   Section        0  stm32f10x_rcc.o(i.RCC_BackupResetCmd)
    i.RCC_LSEConfig                          0x08000990   Section        0  stm32f10x_rcc.o(i.RCC_LSEConfig)
    i.RCC_RTCCLKCmd                          0x080009c4   Section        0  stm32f10x_rcc.o(i.RCC_RTCCLKCmd)
    i.RCC_RTCCLKConfig                       0x080009d0   Section        0  stm32f10x_rcc.o(i.RCC_RTCCLKConfig)
    i.RTC_ClearITPendingBit                  0x080009e0   Section        0  stm32f10x_rtc.o(i.RTC_ClearITPendingBit)
    i.RTC_EnterConfigMode                    0x080009f0   Section        0  stm32f10x_rtc.o(i.RTC_EnterConfigMode)
    i.RTC_ExitConfigMode                     0x08000a04   Section        0  stm32f10x_rtc.o(i.RTC_ExitConfigMode)
    i.RTC_GetCounter                         0x08000a18   Section        0  stm32f10x_rtc.o(i.RTC_GetCounter)
    i.RTC_GetDateTime                        0x08000a44   Section        0  rtc.o(i.RTC_GetDateTime)
    i.RTC_GetITStatus                        0x08000ba8   Section        0  stm32f10x_rtc.o(i.RTC_GetITStatus)
    i.RTC_GetRTC_Counter                     0x08000bcc   Section        0  rtc.o(i.RTC_GetRTC_Counter)
    i.RTC_IRQHandler                         0x08000c60   Section        0  rtc.o(i.RTC_IRQHandler)
    i.RTC_ITConfig                           0x08000ca0   Section        0  stm32f10x_rtc.o(i.RTC_ITConfig)
    i.RTC_SetCounter                         0x08000cc0   Section        0  stm32f10x_rtc.o(i.RTC_SetCounter)
    i.RTC_SetPrescaler                       0x08000cdc   Section        0  stm32f10x_rtc.o(i.RTC_SetPrescaler)
    i.RTC_WaitForLastTask                    0x08000cfc   Section        0  stm32f10x_rtc.o(i.RTC_WaitForLastTask)
    i.RTC_WaitForSynchro                     0x08000d10   Section        0  stm32f10x_rtc.o(i.RTC_WaitForSynchro)
    i.SetSysClock                            0x08000d34   Section        0  system_stm32f10x.o(i.SetSysClock)
    SetSysClock                              0x08000d35   Thumb Code     8  system_stm32f10x.o(i.SetSysClock)
    i.SetSysClockTo72                        0x08000d3c   Section        0  system_stm32f10x.o(i.SetSysClockTo72)
    SetSysClockTo72                          0x08000d3d   Thumb Code   214  system_stm32f10x.o(i.SetSysClockTo72)
    i.Set_Bright_Dp                          0x08000e1c   Section        0  tim3_pwm.o(i.Set_Bright_Dp)
    i.SysTick_Handler                        0x08000e74   Section        0  my_global.o(i.SysTick_Handler)
    i.SystemInit                             0x08000e84   Section        0  system_stm32f10x.o(i.SystemInit)
    i.TIM4_IRQHandler                        0x08000ee4   Section        0  tim4_delay.o(i.TIM4_IRQHandler)
    i.TIM_ClearITPendingBit                  0x08000f1c   Section        0  stm32f10x_tim.o(i.TIM_ClearITPendingBit)
    i.TIM_Cmd                                0x08000f22   Section        0  stm32f10x_tim.o(i.TIM_Cmd)
    i.TIM_GetITStatus                        0x08000f3a   Section        0  stm32f10x_tim.o(i.TIM_GetITStatus)
    i.TIM_ITConfig                           0x08000f5c   Section        0  stm32f10x_tim.o(i.TIM_ITConfig)
    i.TIM_OC2Init                            0x08000f70   Section        0  stm32f10x_tim.o(i.TIM_OC2Init)
    i.TIM_OC2PreloadConfig                   0x08001014   Section        0  stm32f10x_tim.o(i.TIM_OC2PreloadConfig)
    i.TIM_OCStructInit                       0x0800102e   Section        0  stm32f10x_tim.o(i.TIM_OCStructInit)
    i.TIM_TimeBaseInit                       0x08001044   Section        0  stm32f10x_tim.o(i.TIM_TimeBaseInit)
    i.TIM_TimeBaseStructInit                 0x080010e8   Section        0  stm32f10x_tim.o(i.TIM_TimeBaseStructInit)
    i.delay_TIM4_init                        0x080010fc   Section        0  tim4_delay.o(i.delay_TIM4_init)
    i.delay_TIM4_us                          0x08001148   Section        0  tim4_delay.o(i.delay_TIM4_us)
    i.main                                   0x080011a4   Section        0  main.o(i.main)
    i.my_ADC_init                            0x080012d0   Section        0  adc.o(i.my_ADC_init)
    i.my_GPIOB_init                          0x08001384   Section        0  gpio.o(i.my_GPIOB_init)
    i.my_KeyKeyboard                         0x080013b8   Section        0  keyboard.o(i.my_KeyKeyboard)
    i.my_RTC_GetOnlyTime                     0x08001460   Section        0  rtc.o(i.my_RTC_GetOnlyTime)
    i.my_RTC_Init                            0x080014e4   Section        0  rtc.o(i.my_RTC_Init)
    i.my_RTC_Init_NVIC                       0x08001550   Section        0  rtc.o(i.my_RTC_Init_NVIC)
    i.my_RTC_SetFirst                        0x0800158e   Section        0  rtc.o(i.my_RTC_SetFirst)
    i.my_RTC_SetTime                         0x080015cc   Section        0  rtc.o(i.my_RTC_SetTime)
    i.my_RtcToTime                           0x08001620   Section        0  rtc.o(i.my_RtcToTime)
    i.my_SetTime                             0x08001650   Section        0  set_time.o(i.my_SetTime)
    x$fpl$fdiv                               0x080018a4   Section      388  fdiv.o(x$fpl$fdiv)
    _fdiv1                                   0x080018a5   Thumb Code     0  fdiv.o(x$fpl$fdiv)
    x$fpl$ffixu                              0x08001a28   Section       62  ffixu.o(x$fpl$ffixu)
    x$fpl$fflt                               0x08001a68   Section       48  fflt_clz.o(x$fpl$fflt)
    x$fpl$ffltu                              0x08001a98   Section       38  fflt_clz.o(x$fpl$ffltu)
    x$fpl$fmul                               0x08001ac0   Section      258  fmul.o(x$fpl$fmul)
    x$fpl$fnaninf                            0x08001bc2   Section      140  fnaninf.o(x$fpl$fnaninf)
    x$fpl$fretinf                            0x08001c4e   Section       10  fretinf.o(x$fpl$fretinf)
    x$fpl$usenofp                            0x08001c58   Section        0  usenofp.o(x$fpl$usenofp)
    .data                                    0x20000000   Section        4  my_global.o(.data)
    .data                                    0x20000004   Section        1  tim4_delay.o(.data)
    f_timer_4_end                            0x20000004   Data           1  tim4_delay.o(.data)
    .data                                    0x20000005   Section       11  led.o(.data)
    .data                                    0x20000010   Section        6  rtc.o(.data)
    .data                                    0x20000018   Section       20  system_stm32f10x.o(.data)
    .bss                                     0x2000002c   Section       96  libspace.o(.bss)
    HEAP                                     0x20000090   Section      512  startup_stm32f10x_md.o(HEAP)
    Heap_Mem                                 0x20000090   Data         512  startup_stm32f10x_md.o(HEAP)
    STACK                                    0x20000290   Section     1024  startup_stm32f10x_md.o(STACK)
    Stack_Mem                                0x20000290   Data        1024  startup_stm32f10x_md.o(STACK)
    __initial_sp                             0x20000690   Data           0  startup_stm32f10x_md.o(STACK)

    Global Symbols

    Symbol Name                              Value     Ov Type        Size  Object(Section)

    BuildAttributes$$THM_ISAv4$P$D$K$B$S$PE$A:L22UL41UL21$X:L11$S22US41US21$IEEE1$IW$USESV6$~STKCKD$USESV7$~SHL$OSPACE$ROPI$EBA8$UX$STANDARDLIB$REQ8$PRES8$EABIv2 0x00000000   Number         0  anon$$obj.o ABSOLUTE
    __ARM_use_no_argv                        0x00000000   Number         0  main.o ABSOLUTE
    __ARM_exceptions_init                     - Undefined Weak Reference
    __alloca_initialize                       - Undefined Weak Reference
    __arm_fini_                               - Undefined Weak Reference
    __arm_preinit_                            - Undefined Weak Reference
    __cpp_initialize__aeabi_                  - Undefined Weak Reference
    __cxa_finalize                            - Undefined Weak Reference
    __rt_locale                               - Undefined Weak Reference
    __sigvec_lookup                           - Undefined Weak Reference
    _atexit_init                              - Undefined Weak Reference
    _call_atexit_fns                          - Undefined Weak Reference
    _clock_init                               - Undefined Weak Reference
    _fp_trap_init                             - Undefined Weak Reference
    _fp_trap_shutdown                         - Undefined Weak Reference
    _get_lc_collate                           - Undefined Weak Reference
    _get_lc_ctype                             - Undefined Weak Reference
    _get_lc_monetary                          - Undefined Weak Reference
    _get_lc_numeric                           - Undefined Weak Reference
    _get_lc_time                              - Undefined Weak Reference
    _getenv_init                              - Undefined Weak Reference
    _handle_redirection                       - Undefined Weak Reference
    _init_alloc                               - Undefined Weak Reference
    _init_user_alloc                          - Undefined Weak Reference
    _initio                                   - Undefined Weak Reference
    _rand_init                                - Undefined Weak Reference
    _signal_finish                            - Undefined Weak Reference
    _signal_init                              - Undefined Weak Reference
    _terminate_alloc                          - Undefined Weak Reference
    _terminate_user_alloc                     - Undefined Weak Reference
    _terminateio                              - Undefined Weak Reference
    __Vectors_Size                           0x000000ec   Number         0  startup_stm32f10x_md.o ABSOLUTE
    __Vectors                                0x08000000   Data           4  startup_stm32f10x_md.o(RESET)
    __Vectors_End                            0x080000ec   Data           0  startup_stm32f10x_md.o(RESET)
    __main                                   0x080000ed   Thumb Code     8  __main.o(!!!main)
    __scatterload                            0x080000f5   Thumb Code     0  __scatter.o(!!!scatter)
    __scatterload_rt2                        0x080000f5   Thumb Code    44  __scatter.o(!!!scatter)
    __scatterload_rt2_thumb_only             0x080000f5   Thumb Code     0  __scatter.o(!!!scatter)
    __scatterload_null                       0x08000103   Thumb Code     0  __scatter.o(!!!scatter)
    __scatterload_copy                       0x08000129   Thumb Code    26  __scatter_copy.o(!!handler_copy)
    __scatterload_zeroinit                   0x08000145   Thumb Code    28  __scatter_zi.o(!!handler_zi)
    __rt_lib_init                            0x08000161   Thumb Code     0  libinit.o(.ARM.Collect$$libinit$$00000000)
    __rt_lib_init_alloca_1                   0x08000163   Thumb Code     0  libinit2.o(.ARM.Collect$$libinit$$0000002E)
    __rt_lib_init_argv_1                     0x08000163   Thumb Code     0  libinit2.o(.ARM.Collect$$libinit$$0000002C)
    __rt_lib_init_atexit_1                   0x08000163   Thumb Code     0  libinit2.o(.ARM.Collect$$libinit$$0000001B)
    __rt_lib_init_clock_1                    0x08000163   Thumb Code     0  libinit2.o(.ARM.Collect$$libinit$$00000021)
    __rt_lib_init_cpp_1                      0x08000163   Thumb Code     0  libinit2.o(.ARM.Collect$$libinit$$00000032)
    __rt_lib_init_exceptions_1               0x08000163   Thumb Code     0  libinit2.o(.ARM.Collect$$libinit$$00000030)
    __rt_lib_init_fp_1                       0x08000163   Thumb Code     0  libinit2.o(.ARM.Collect$$libinit$$00000002)
    __rt_lib_init_fp_trap_1                  0x08000163   Thumb Code     0  libinit2.o(.ARM.Collect$$libinit$$0000001F)
    __rt_lib_init_getenv_1                   0x08000163   Thumb Code     0  libinit2.o(.ARM.Collect$$libinit$$00000023)
    __rt_lib_init_heap_1                     0x08000163   Thumb Code     0  libinit2.o(.ARM.Collect$$libinit$$0000000A)
    __rt_lib_init_lc_collate_1               0x08000163   Thumb Code     0  libinit2.o(.ARM.Collect$$libinit$$00000011)
    __rt_lib_init_lc_ctype_1                 0x08000163   Thumb Code     0  libinit2.o(.ARM.Collect$$libinit$$00000013)
    __rt_lib_init_lc_monetary_1              0x08000163   Thumb Code     0  libinit2.o(.ARM.Collect$$libinit$$00000015)
    __rt_lib_init_lc_numeric_1               0x08000163   Thumb Code     0  libinit2.o(.ARM.Collect$$libinit$$00000017)
    __rt_lib_init_lc_time_1                  0x08000163   Thumb Code     0  libinit2.o(.ARM.Collect$$libinit$$00000019)
    __rt_lib_init_preinit_1                  0x08000163   Thumb Code     0  libinit2.o(.ARM.Collect$$libinit$$00000004)
    __rt_lib_init_rand_1                     0x08000163   Thumb Code     0  libinit2.o(.ARM.Collect$$libinit$$0000000E)
    __rt_lib_init_return                     0x08000163   Thumb Code     0  libinit2.o(.ARM.Collect$$libinit$$00000033)
    __rt_lib_init_signal_1                   0x08000163   Thumb Code     0  libinit2.o(.ARM.Collect$$libinit$$0000001D)
    __rt_lib_init_stdio_1                    0x08000163   Thumb Code     0  libinit2.o(.ARM.Collect$$libinit$$00000025)
    __rt_lib_init_user_alloc_1               0x08000163   Thumb Code     0  libinit2.o(.ARM.Collect$$libinit$$0000000C)
    __rt_lib_shutdown                        0x08000165   Thumb Code     0  libshutdown.o(.ARM.Collect$$libshutdown$$00000000)
    __rt_lib_shutdown_cpp_1                  0x08000167   Thumb Code     0  libshutdown2.o(.ARM.Collect$$libshutdown$$00000004)
    __rt_lib_shutdown_fini_1                 0x08000167   Thumb Code     0  libshutdown2.o(.ARM.Collect$$libshutdown$$00000002)
    __rt_lib_shutdown_fp_trap_1              0x08000167   Thumb Code     0  libshutdown2.o(.ARM.Collect$$libshutdown$$00000009)
    __rt_lib_shutdown_heap_1                 0x08000167   Thumb Code     0  libshutdown2.o(.ARM.Collect$$libshutdown$$00000011)
    __rt_lib_shutdown_return                 0x08000167   Thumb Code     0  libshutdown2.o(.ARM.Collect$$libshutdown$$00000012)
    __rt_lib_shutdown_signal_1               0x08000167   Thumb Code     0  libshutdown2.o(.ARM.Collect$$libshutdown$$0000000C)
    __rt_lib_shutdown_stdio_1                0x08000167   Thumb Code     0  libshutdown2.o(.ARM.Collect$$libshutdown$$00000006)
    __rt_lib_shutdown_user_alloc_1           0x08000167   Thumb Code     0  libshutdown2.o(.ARM.Collect$$libshutdown$$0000000E)
    __rt_entry                               0x08000169   Thumb Code     0  __rtentry.o(.ARM.Collect$$rtentry$$00000000)
    __rt_entry_presh_1                       0x08000169   Thumb Code     0  __rtentry2.o(.ARM.Collect$$rtentry$$00000002)
    __rt_entry_sh                            0x08000169   Thumb Code     0  __rtentry4.o(.ARM.Collect$$rtentry$$00000004)
    __rt_entry_li                            0x0800016f   Thumb Code     0  __rtentry2.o(.ARM.Collect$$rtentry$$0000000A)
    __rt_entry_postsh_1                      0x0800016f   Thumb Code     0  __rtentry2.o(.ARM.Collect$$rtentry$$00000009)
    __rt_entry_main                          0x08000173   Thumb Code     0  __rtentry2.o(.ARM.Collect$$rtentry$$0000000D)
    __rt_entry_postli_1                      0x08000173   Thumb Code     0  __rtentry2.o(.ARM.Collect$$rtentry$$0000000C)
    __rt_exit                                0x0800017b   Thumb Code     0  rtexit.o(.ARM.Collect$$rtexit$$00000000)
    __rt_exit_ls                             0x0800017d   Thumb Code     0  rtexit2.o(.ARM.Collect$$rtexit$$00000003)
    __rt_exit_prels_1                        0x0800017d   Thumb Code     0  rtexit2.o(.ARM.Collect$$rtexit$$00000002)
    __rt_exit_exit                           0x08000181   Thumb Code     0  rtexit2.o(.ARM.Collect$$rtexit$$00000004)
    Reset_Handler                            0x08000189   Thumb Code     8  startup_stm32f10x_md.o(.text)
    NMI_Handler                              0x08000191   Thumb Code     2  startup_stm32f10x_md.o(.text)
    MemManage_Handler                        0x08000195   Thumb Code     2  startup_stm32f10x_md.o(.text)
    BusFault_Handler                         0x08000197   Thumb Code     2  startup_stm32f10x_md.o(.text)
    UsageFault_Handler                       0x08000199   Thumb Code     2  startup_stm32f10x_md.o(.text)
    SVC_Handler                              0x0800019b   Thumb Code     2  startup_stm32f10x_md.o(.text)
    DebugMon_Handler                         0x0800019d   Thumb Code     2  startup_stm32f10x_md.o(.text)
    PendSV_Handler                           0x0800019f   Thumb Code     2  startup_stm32f10x_md.o(.text)
    ADC1_2_IRQHandler                        0x080001a3   Thumb Code     0  startup_stm32f10x_md.o(.text)
    CAN1_RX1_IRQHandler                      0x080001a3   Thumb Code     0  startup_stm32f10x_md.o(.text)
    CAN1_SCE_IRQHandler                      0x080001a3   Thumb Code     0  startup_stm32f10x_md.o(.text)
    DMA1_Channel1_IRQHandler                 0x080001a3   Thumb Code     0  startup_stm32f10x_md.o(.text)
    DMA1_Channel2_IRQHandler                 0x080001a3   Thumb Code     0  startup_stm32f10x_md.o(.text)
    DMA1_Channel3_IRQHandler                 0x080001a3   Thumb Code     0  startup_stm32f10x_md.o(.text)
    DMA1_Channel4_IRQHandler                 0x080001a3   Thumb Code     0  startup_stm32f10x_md.o(.text)
    DMA1_Channel5_IRQHandler                 0x080001a3   Thumb Code     0  startup_stm32f10x_md.o(.text)
    DMA1_Channel6_IRQHandler                 0x080001a3   Thumb Code     0  startup_stm32f10x_md.o(.text)
    DMA1_Channel7_IRQHandler                 0x080001a3   Thumb Code     0  startup_stm32f10x_md.o(.text)
    EXTI0_IRQHandler                         0x080001a3   Thumb Code     0  startup_stm32f10x_md.o(.text)
    EXTI15_10_IRQHandler                     0x080001a3   Thumb Code     0  startup_stm32f10x_md.o(.text)
    EXTI1_IRQHandler                         0x080001a3   Thumb Code     0  startup_stm32f10x_md.o(.text)
    EXTI2_IRQHandler                         0x080001a3   Thumb Code     0  startup_stm32f10x_md.o(.text)
    EXTI3_IRQHandler                         0x080001a3   Thumb Code     0  startup_stm32f10x_md.o(.text)
    EXTI4_IRQHandler                         0x080001a3   Thumb Code     0  startup_stm32f10x_md.o(.text)
    EXTI9_5_IRQHandler                       0x080001a3   Thumb Code     0  startup_stm32f10x_md.o(.text)
    FLASH_IRQHandler                         0x080001a3   Thumb Code     0  startup_stm32f10x_md.o(.text)
    I2C1_ER_IRQHandler                       0x080001a3   Thumb Code     0  startup_stm32f10x_md.o(.text)
    I2C1_EV_IRQHandler                       0x080001a3   Thumb Code     0  startup_stm32f10x_md.o(.text)
    I2C2_ER_IRQHandler                       0x080001a3   Thumb Code     0  startup_stm32f10x_md.o(.text)
    I2C2_EV_IRQHandler                       0x080001a3   Thumb Code     0  startup_stm32f10x_md.o(.text)
    PVD_IRQHandler                           0x080001a3   Thumb Code     0  startup_stm32f10x_md.o(.text)
    RCC_IRQHandler                           0x080001a3   Thumb Code     0  startup_stm32f10x_md.o(.text)
    RTCAlarm_IRQHandler                      0x080001a3   Thumb Code     0  startup_stm32f10x_md.o(.text)
    SPI1_IRQHandler                          0x080001a3   Thumb Code     0  startup_stm32f10x_md.o(.text)
    SPI2_IRQHandler                          0x080001a3   Thumb Code     0  startup_stm32f10x_md.o(.text)
    TAMPER_IRQHandler                        0x080001a3   Thumb Code     0  startup_stm32f10x_md.o(.text)
    TIM1_BRK_IRQHandler                      0x080001a3   Thumb Code     0  startup_stm32f10x_md.o(.text)
    TIM1_CC_IRQHandler                       0x080001a3   Thumb Code     0  startup_stm32f10x_md.o(.text)
    TIM1_TRG_COM_IRQHandler                  0x080001a3   Thumb Code     0  startup_stm32f10x_md.o(.text)
    TIM1_UP_IRQHandler                       0x080001a3   Thumb Code     0  startup_stm32f10x_md.o(.text)
    TIM2_IRQHandler                          0x080001a3   Thumb Code     0  startup_stm32f10x_md.o(.text)
    TIM3_IRQHandler                          0x080001a3   Thumb Code     0  startup_stm32f10x_md.o(.text)
    USART1_IRQHandler                        0x080001a3   Thumb Code     0  startup_stm32f10x_md.o(.text)
    USART2_IRQHandler                        0x080001a3   Thumb Code     0  startup_stm32f10x_md.o(.text)
    USART3_IRQHandler                        0x080001a3   Thumb Code     0  startup_stm32f10x_md.o(.text)
    USBWakeUp_IRQHandler                     0x080001a3   Thumb Code     0  startup_stm32f10x_md.o(.text)
    USB_HP_CAN1_TX_IRQHandler                0x080001a3   Thumb Code     0  startup_stm32f10x_md.o(.text)
    USB_LP_CAN1_RX0_IRQHandler               0x080001a3   Thumb Code     0  startup_stm32f10x_md.o(.text)
    WWDG_IRQHandler                          0x080001a3   Thumb Code     0  startup_stm32f10x_md.o(.text)
    __user_initial_stackheap                 0x080001a5   Thumb Code     0  startup_stm32f10x_md.o(.text)
    __aeabi_uldivmod                         0x080001c9   Thumb Code     0  lludivv7m.o(.text)
    _ll_udiv                                 0x080001c9   Thumb Code   238  lludivv7m.o(.text)
    __use_two_region_memory                  0x080002b7   Thumb Code     2  heapauxi.o(.text)
    __rt_heap_escrow$2region                 0x080002b9   Thumb Code     2  heapauxi.o(.text)
    __rt_heap_expand$2region                 0x080002bb   Thumb Code     2  heapauxi.o(.text)
    __user_setup_stackheap                   0x080002bd   Thumb Code    74  sys_stackheap_outer.o(.text)
    exit                                     0x08000307   Thumb Code    18  exit.o(.text)
    __user_libspace                          0x08000319   Thumb Code     8  libspace.o(.text)
    __user_perproc_libspace                  0x08000319   Thumb Code     0  libspace.o(.text)
    __user_perthread_libspace                0x08000319   Thumb Code     0  libspace.o(.text)
    _sys_exit                                0x08000321   Thumb Code     8  sys_exit.o(.text)
    __I$use$semihosting                      0x0800032d   Thumb Code     0  use_no_semi.o(.text)
    __use_no_semihosting_swi                 0x0800032d   Thumb Code     2  use_no_semi.o(.text)
    ADC_Cmd                                  0x0800032f   Thumb Code    22  stm32f10x_adc.o(i.ADC_Cmd)
    __semihosting_library_function           0x0800032f   Thumb Code     0  indicate_semi.o(.text)
    ADC_GetCalibrationStatus                 0x08000345   Thumb Code    20  stm32f10x_adc.o(i.ADC_GetCalibrationStatus)
    ADC_Init                                 0x08000359   Thumb Code    70  stm32f10x_adc.o(i.ADC_Init)
    ADC_RegularChannelConfig                 0x080003a9   Thumb Code   184  stm32f10x_adc.o(i.ADC_RegularChannelConfig)
    ADC_ResetCalibration                     0x08000461   Thumb Code    10  stm32f10x_adc.o(i.ADC_ResetCalibration)
    ADC_SoftwareStartConvCmd                 0x0800046b   Thumb Code    22  stm32f10x_adc.o(i.ADC_SoftwareStartConvCmd)
    ADC_StartCalibration                     0x08000481   Thumb Code    10  stm32f10x_adc.o(i.ADC_StartCalibration)
    BKP_RTCOutputConfig                      0x0800048d   Thumb Code    22  stm32f10x_bkp.o(i.BKP_RTCOutputConfig)
    GPIO_Init                                0x080004a9   Thumb Code   278  stm32f10x_gpio.o(i.GPIO_Init)
    GPIO_PinRemapConfig                      0x080005c1   Thumb Code   138  stm32f10x_gpio.o(i.GPIO_PinRemapConfig)
    GPIO_StructInit                          0x08000651   Thumb Code    16  stm32f10x_gpio.o(i.GPIO_StructInit)
    HardFault_Handler                        0x08000661   Thumb Code    36  my_global.o(i.HardFault_Handler)
    Init_Bright_Dp                           0x0800068d   Thumb Code   162  tim3_pwm.o(i.Init_Bright_Dp)
    LedDisplayInit                           0x0800073d   Thumb Code    60  led.o(i.LedDisplayInit)
    LedDisplayShow                           0x0800077d   Thumb Code   278  led.o(i.LedDisplayShow)
    NVIC_Init                                0x0800089d   Thumb Code   100  misc.o(i.NVIC_Init)
    NVIC_PriorityGroupConfig                 0x0800090d   Thumb Code    10  misc.o(i.NVIC_PriorityGroupConfig)
    PWR_BackupAccessCmd                      0x08000921   Thumb Code     6  stm32f10x_pwr.o(i.PWR_BackupAccessCmd)
    RCC_ADCCLKConfig                         0x0800092d   Thumb Code    18  stm32f10x_rcc.o(i.RCC_ADCCLKConfig)
    RCC_APB1PeriphClockCmd                   0x08000945   Thumb Code    26  stm32f10x_rcc.o(i.RCC_APB1PeriphClockCmd)
    RCC_APB2PeriphClockCmd                   0x08000965   Thumb Code    26  stm32f10x_rcc.o(i.RCC_APB2PeriphClockCmd)
    RCC_BackupResetCmd                       0x08000985   Thumb Code     6  stm32f10x_rcc.o(i.RCC_BackupResetCmd)
    RCC_LSEConfig                            0x08000991   Thumb Code    46  stm32f10x_rcc.o(i.RCC_LSEConfig)
    RCC_RTCCLKCmd                            0x080009c5   Thumb Code     6  stm32f10x_rcc.o(i.RCC_RTCCLKCmd)
    RCC_RTCCLKConfig                         0x080009d1   Thumb Code    12  stm32f10x_rcc.o(i.RCC_RTCCLKConfig)
    RTC_ClearITPendingBit                    0x080009e1   Thumb Code    12  stm32f10x_rtc.o(i.RTC_ClearITPendingBit)
    RTC_EnterConfigMode                      0x080009f1   Thumb Code    14  stm32f10x_rtc.o(i.RTC_EnterConfigMode)
    RTC_ExitConfigMode                       0x08000a05   Thumb Code    16  stm32f10x_rtc.o(i.RTC_ExitConfigMode)
    RTC_GetCounter                           0x08000a19   Thumb Code    38  stm32f10x_rtc.o(i.RTC_GetCounter)
    RTC_GetDateTime                          0x08000a45   Thumb Code   348  rtc.o(i.RTC_GetDateTime)
    RTC_GetITStatus                          0x08000ba9   Thumb Code    32  stm32f10x_rtc.o(i.RTC_GetITStatus)
    RTC_GetRTC_Counter                       0x08000bcd   Thumb Code   138  rtc.o(i.RTC_GetRTC_Counter)
    RTC_IRQHandler                           0x08000c61   Thumb Code    40  rtc.o(i.RTC_IRQHandler)
    RTC_ITConfig                             0x08000ca1   Thumb Code    26  stm32f10x_rtc.o(i.RTC_ITConfig)
    RTC_SetCounter                           0x08000cc1   Thumb Code    24  stm32f10x_rtc.o(i.RTC_SetCounter)
    RTC_SetPrescaler                         0x08000cdd   Thumb Code    26  stm32f10x_rtc.o(i.RTC_SetPrescaler)
    RTC_WaitForLastTask                      0x08000cfd   Thumb Code    16  stm32f10x_rtc.o(i.RTC_WaitForLastTask)
    RTC_WaitForSynchro                       0x08000d11   Thumb Code    30  stm32f10x_rtc.o(i.RTC_WaitForSynchro)
    Set_Bright_Dp                            0x08000e1d   Thumb Code    80  tim3_pwm.o(i.Set_Bright_Dp)
    SysTick_Handler                          0x08000e75   Thumb Code    12  my_global.o(i.SysTick_Handler)
    SystemInit                               0x08000e85   Thumb Code    78  system_stm32f10x.o(i.SystemInit)
    TIM4_IRQHandler                          0x08000ee5   Thumb Code    48  tim4_delay.o(i.TIM4_IRQHandler)
    TIM_ClearITPendingBit                    0x08000f1d   Thumb Code     6  stm32f10x_tim.o(i.TIM_ClearITPendingBit)
    TIM_Cmd                                  0x08000f23   Thumb Code    24  stm32f10x_tim.o(i.TIM_Cmd)
    TIM_GetITStatus                          0x08000f3b   Thumb Code    34  stm32f10x_tim.o(i.TIM_GetITStatus)
    TIM_ITConfig                             0x08000f5d   Thumb Code    18  stm32f10x_tim.o(i.TIM_ITConfig)
    TIM_OC2Init                              0x08000f71   Thumb Code   154  stm32f10x_tim.o(i.TIM_OC2Init)
    TIM_OC2PreloadConfig                     0x08001015   Thumb Code    26  stm32f10x_tim.o(i.TIM_OC2PreloadConfig)
    TIM_OCStructInit                         0x0800102f   Thumb Code    20  stm32f10x_tim.o(i.TIM_OCStructInit)
    TIM_TimeBaseInit                         0x08001045   Thumb Code   122  stm32f10x_tim.o(i.TIM_TimeBaseInit)
    TIM_TimeBaseStructInit                   0x080010e9   Thumb Code    18  stm32f10x_tim.o(i.TIM_TimeBaseStructInit)
    delay_TIM4_init                          0x080010fd   Thumb Code    72  tim4_delay.o(i.delay_TIM4_init)
    delay_TIM4_us                            0x08001149   Thumb Code    84  tim4_delay.o(i.delay_TIM4_us)
    main                                     0x080011a5   Thumb Code   262  main.o(i.main)
    my_ADC_init                              0x080012d1   Thumb Code   170  adc.o(i.my_ADC_init)
    my_GPIOB_init                            0x08001385   Thumb Code    46  gpio.o(i.my_GPIOB_init)
    my_KeyKeyboard                           0x080013b9   Thumb Code   158  keyboard.o(i.my_KeyKeyboard)
    my_RTC_GetOnlyTime                       0x08001461   Thumb Code   130  rtc.o(i.my_RTC_GetOnlyTime)
    my_RTC_Init                              0x080014e5   Thumb Code   102  rtc.o(i.my_RTC_Init)
    my_RTC_Init_NVIC                         0x08001551   Thumb Code    62  rtc.o(i.my_RTC_Init_NVIC)
    my_RTC_SetFirst                          0x0800158f   Thumb Code    62  rtc.o(i.my_RTC_SetFirst)
    my_RTC_SetTime                           0x080015cd   Thumb Code    84  rtc.o(i.my_RTC_SetTime)
    my_RtcToTime                             0x08001621   Thumb Code    48  rtc.o(i.my_RtcToTime)
    my_SetTime                               0x08001651   Thumb Code   572  set_time.o(i.my_SetTime)
    __aeabi_fdiv                             0x080018a5   Thumb Code     0  fdiv.o(x$fpl$fdiv)
    _fdiv                                    0x080018a5   Thumb Code   384  fdiv.o(x$fpl$fdiv)
    __aeabi_f2uiz                            0x08001a29   Thumb Code     0  ffixu.o(x$fpl$ffixu)
    _ffixu                                   0x08001a29   Thumb Code    62  ffixu.o(x$fpl$ffixu)
    __aeabi_i2f                              0x08001a69   Thumb Code     0  fflt_clz.o(x$fpl$fflt)
    _fflt                                    0x08001a69   Thumb Code    48  fflt_clz.o(x$fpl$fflt)
    __aeabi_ui2f                             0x08001a99   Thumb Code     0  fflt_clz.o(x$fpl$ffltu)
    _ffltu                                   0x08001a99   Thumb Code    38  fflt_clz.o(x$fpl$ffltu)
    __aeabi_fmul                             0x08001ac1   Thumb Code     0  fmul.o(x$fpl$fmul)
    _fmul                                    0x08001ac1   Thumb Code   258  fmul.o(x$fpl$fmul)
    __fpl_fnaninf                            0x08001bc3   Thumb Code   140  fnaninf.o(x$fpl$fnaninf)
    __fpl_fretinf                            0x08001c4f   Thumb Code    10  fretinf.o(x$fpl$fretinf)
    Region$$Table$$Base                      0x08001c58   Number         0  anon$$obj.o(Region$$Table)
    __I$use$fp                               0x08001c58   Number         0  usenofp.o(x$fpl$usenofp)
    Region$$Table$$Limit                     0x08001c78   Number         0  anon$$obj.o(Region$$Table)
    v_systick                                0x20000000   Data           4  my_global.o(.data)
    dig7seg                                  0x20000005   Data          11  led.o(.data)
    h10                                      0x20000010   Data           1  rtc.o(.data)
    h1                                       0x20000011   Data           1  rtc.o(.data)
    m10                                      0x20000012   Data           1  rtc.o(.data)
    m1                                       0x20000013   Data           1  rtc.o(.data)
    sec                                      0x20000014   Data           1  rtc.o(.data)
    dot                                      0x20000015   Data           1  rtc.o(.data)
    SystemCoreClock                          0x20000018   Data           4  system_stm32f10x.o(.data)
    AHBPrescTable                            0x2000001c   Data          16  system_stm32f10x.o(.data)
    __libspace_start                         0x2000002c   Data          96  libspace.o(.bss)
    __temporary_stack_top$libspace           0x2000008c   Data           0  libspace.o(.bss)



==============================================================================

Memory Map of the image

  Image Entry point : 0x080000ed

  Load Region LR_IROM1 (Base: 0x08000000, Size: 0x00001ca4, Max: 0x00010000, ABSOLUTE)

    Execution Region ER_IROM1 (Exec base: 0x08000000, Load base: 0x08000000, Size: 0x00001c78, Max: 0x00010000, ABSOLUTE)

    Exec Addr    Load Addr    Size         Type   Attr      Idx    E Section Name        Object

    0x08000000   0x08000000   0x000000ec   Data   RO         1935    RESET               startup_stm32f10x_md.o
    0x080000ec   0x080000ec   0x00000008   Code   RO         1992  * !!!main             c_w.l(__main.o)
    0x080000f4   0x080000f4   0x00000034   Code   RO         2182    !!!scatter          c_w.l(__scatter.o)
    0x08000128   0x08000128   0x0000001a   Code   RO         2184    !!handler_copy      c_w.l(__scatter_copy.o)
    0x08000142   0x08000142   0x00000002   PAD
    0x08000144   0x08000144   0x0000001c   Code   RO         2186    !!handler_zi        c_w.l(__scatter_zi.o)
    0x08000160   0x08000160   0x00000002   Code   RO         2050    .ARM.Collect$$libinit$$00000000  c_w.l(libinit.o)
    0x08000162   0x08000162   0x00000000   Code   RO         2063    .ARM.Collect$$libinit$$00000002  c_w.l(libinit2.o)
    0x08000162   0x08000162   0x00000000   Code   RO         2065    .ARM.Collect$$libinit$$00000004  c_w.l(libinit2.o)
    0x08000162   0x08000162   0x00000000   Code   RO         2068    .ARM.Collect$$libinit$$0000000A  c_w.l(libinit2.o)
    0x08000162   0x08000162   0x00000000   Code   RO         2070    .ARM.Collect$$libinit$$0000000C  c_w.l(libinit2.o)
    0x08000162   0x08000162   0x00000000   Code   RO         2072    .ARM.Collect$$libinit$$0000000E  c_w.l(libinit2.o)
    0x08000162   0x08000162   0x00000000   Code   RO         2075    .ARM.Collect$$libinit$$00000011  c_w.l(libinit2.o)
    0x08000162   0x08000162   0x00000000   Code   RO         2077    .ARM.Collect$$libinit$$00000013  c_w.l(libinit2.o)
    0x08000162   0x08000162   0x00000000   Code   RO         2079    .ARM.Collect$$libinit$$00000015  c_w.l(libinit2.o)
    0x08000162   0x08000162   0x00000000   Code   RO         2081    .ARM.Collect$$libinit$$00000017  c_w.l(libinit2.o)
    0x08000162   0x08000162   0x00000000   Code   RO         2083    .ARM.Collect$$libinit$$00000019  c_w.l(libinit2.o)
    0x08000162   0x08000162   0x00000000   Code   RO         2085    .ARM.Collect$$libinit$$0000001B  c_w.l(libinit2.o)
    0x08000162   0x08000162   0x00000000   Code   RO         2087    .ARM.Collect$$libinit$$0000001D  c_w.l(libinit2.o)
    0x08000162   0x08000162   0x00000000   Code   RO         2089    .ARM.Collect$$libinit$$0000001F  c_w.l(libinit2.o)
    0x08000162   0x08000162   0x00000000   Code   RO         2091    .ARM.Collect$$libinit$$00000021  c_w.l(libinit2.o)
    0x08000162   0x08000162   0x00000000   Code   RO         2093    .ARM.Collect$$libinit$$00000023  c_w.l(libinit2.o)
    0x08000162   0x08000162   0x00000000   Code   RO         2095    .ARM.Collect$$libinit$$00000025  c_w.l(libinit2.o)
    0x08000162   0x08000162   0x00000000   Code   RO         2099    .ARM.Collect$$libinit$$0000002C  c_w.l(libinit2.o)
    0x08000162   0x08000162   0x00000000   Code   RO         2101    .ARM.Collect$$libinit$$0000002E  c_w.l(libinit2.o)
    0x08000162   0x08000162   0x00000000   Code   RO         2103    .ARM.Collect$$libinit$$00000030  c_w.l(libinit2.o)
    0x08000162   0x08000162   0x00000000   Code   RO         2105    .ARM.Collect$$libinit$$00000032  c_w.l(libinit2.o)
    0x08000162   0x08000162   0x00000002   Code   RO         2106    .ARM.Collect$$libinit$$00000033  c_w.l(libinit2.o)
    0x08000164   0x08000164   0x00000002   Code   RO         2137    .ARM.Collect$$libshutdown$$00000000  c_w.l(libshutdown.o)
    0x08000166   0x08000166   0x00000000   Code   RO         2163    .ARM.Collect$$libshutdown$$00000002  c_w.l(libshutdown2.o)
    0x08000166   0x08000166   0x00000000   Code   RO         2165    .ARM.Collect$$libshutdown$$00000004  c_w.l(libshutdown2.o)
    0x08000166   0x08000166   0x00000000   Code   RO         2167    .ARM.Collect$$libshutdown$$00000006  c_w.l(libshutdown2.o)
    0x08000166   0x08000166   0x00000000   Code   RO         2170    .ARM.Collect$$libshutdown$$00000009  c_w.l(libshutdown2.o)
    0x08000166   0x08000166   0x00000000   Code   RO         2173    .ARM.Collect$$libshutdown$$0000000C  c_w.l(libshutdown2.o)
    0x08000166   0x08000166   0x00000000   Code   RO         2175    .ARM.Collect$$libshutdown$$0000000E  c_w.l(libshutdown2.o)
    0x08000166   0x08000166   0x00000000   Code   RO         2178    .ARM.Collect$$libshutdown$$00000011  c_w.l(libshutdown2.o)
    0x08000166   0x08000166   0x00000002   Code   RO         2179    .ARM.Collect$$libshutdown$$00000012  c_w.l(libshutdown2.o)
    0x08000168   0x08000168   0x00000000   Code   RO         2010    .ARM.Collect$$rtentry$$00000000  c_w.l(__rtentry.o)
    0x08000168   0x08000168   0x00000000   Code   RO         2021    .ARM.Collect$$rtentry$$00000002  c_w.l(__rtentry2.o)
    0x08000168   0x08000168   0x00000006   Code   RO         2033    .ARM.Collect$$rtentry$$00000004  c_w.l(__rtentry4.o)
    0x0800016e   0x0800016e   0x00000000   Code   RO         2023    .ARM.Collect$$rtentry$$00000009  c_w.l(__rtentry2.o)
    0x0800016e   0x0800016e   0x00000004   Code   RO         2024    .ARM.Collect$$rtentry$$0000000A  c_w.l(__rtentry2.o)
    0x08000172   0x08000172   0x00000000   Code   RO         2026    .ARM.Collect$$rtentry$$0000000C  c_w.l(__rtentry2.o)
    0x08000172   0x08000172   0x00000008   Code   RO         2027    .ARM.Collect$$rtentry$$0000000D  c_w.l(__rtentry2.o)
    0x0800017a   0x0800017a   0x00000002   Code   RO         2054    .ARM.Collect$$rtexit$$00000000  c_w.l(rtexit.o)
    0x0800017c   0x0800017c   0x00000000   Code   RO         2110    .ARM.Collect$$rtexit$$00000002  c_w.l(rtexit2.o)
    0x0800017c   0x0800017c   0x00000004   Code   RO         2111    .ARM.Collect$$rtexit$$00000003  c_w.l(rtexit2.o)
    0x08000180   0x08000180   0x00000006   Code   RO         2112    .ARM.Collect$$rtexit$$00000004  c_w.l(rtexit2.o)
    0x08000186   0x08000186   0x00000002   PAD
    0x08000188   0x08000188   0x00000040   Code   RO         1936    .text               startup_stm32f10x_md.o
    0x080001c8   0x080001c8   0x000000ee   Code   RO         1988    .text               c_w.l(lludivv7m.o)
    0x080002b6   0x080002b6   0x00000006   Code   RO         1990    .text               c_w.l(heapauxi.o)
    0x080002bc   0x080002bc   0x0000004a   Code   RO         2037    .text               c_w.l(sys_stackheap_outer.o)
    0x08000306   0x08000306   0x00000012   Code   RO         2039    .text               c_w.l(exit.o)
    0x08000318   0x08000318   0x00000008   Code   RO         2051    .text               c_w.l(libspace.o)
    0x08000320   0x08000320   0x0000000c   Code   RO         2107    .text               c_w.l(sys_exit.o)
    0x0800032c   0x0800032c   0x00000002   Code   RO         2126    .text               c_w.l(use_no_semi.o)
    0x0800032e   0x0800032e   0x00000000   Code   RO         2128    .text               c_w.l(indicate_semi.o)
    0x0800032e   0x0800032e   0x00000016   Code   RO          546    i.ADC_Cmd           stm32f10x_adc.o
    0x08000344   0x08000344   0x00000014   Code   RO          554    i.ADC_GetCalibrationStatus  stm32f10x_adc.o
    0x08000358   0x08000358   0x00000050   Code   RO          564    i.ADC_Init          stm32f10x_adc.o
    0x080003a8   0x080003a8   0x000000b8   Code   RO          568    i.ADC_RegularChannelConfig  stm32f10x_adc.o
    0x08000460   0x08000460   0x0000000a   Code   RO          569    i.ADC_ResetCalibration  stm32f10x_adc.o
    0x0800046a   0x0800046a   0x00000016   Code   RO          571    i.ADC_SoftwareStartConvCmd  stm32f10x_adc.o
    0x08000480   0x08000480   0x0000000a   Code   RO          573    i.ADC_StartCalibration  stm32f10x_adc.o
    0x0800048a   0x0800048a   0x00000002   PAD
    0x0800048c   0x0800048c   0x0000001c   Code   RO          780    i.BKP_RTCOutputConfig  stm32f10x_bkp.o
    0x080004a8   0x080004a8   0x00000116   Code   RO          870    i.GPIO_Init         stm32f10x_gpio.o
    0x080005be   0x080005be   0x00000002   PAD
    0x080005c0   0x080005c0   0x00000090   Code   RO          872    i.GPIO_PinRemapConfig  stm32f10x_gpio.o
    0x08000650   0x08000650   0x00000010   Code   RO          879    i.GPIO_StructInit   stm32f10x_gpio.o
    0x08000660   0x08000660   0x0000002c   Code   RO          112    i.HardFault_Handler  my_global.o
    0x0800068c   0x0800068c   0x000000b0   Code   RO          459    i.Init_Bright_Dp    tim3_pwm.o
    0x0800073c   0x0800073c   0x00000040   Code   RO          230    i.LedDisplayInit    led.o
    0x0800077c   0x0800077c   0x00000120   Code   RO          231    i.LedDisplayShow    led.o
    0x0800089c   0x0800089c   0x00000070   Code   RO          492    i.NVIC_Init         misc.o
    0x0800090c   0x0800090c   0x00000014   Code   RO          493    i.NVIC_PriorityGroupConfig  misc.o
    0x08000920   0x08000920   0x0000000c   Code   RO          990    i.PWR_BackupAccessCmd  stm32f10x_pwr.o
    0x0800092c   0x0800092c   0x00000018   Code   RO         1062    i.RCC_ADCCLKConfig  stm32f10x_rcc.o
    0x08000944   0x08000944   0x00000020   Code   RO         1064    i.RCC_APB1PeriphClockCmd  stm32f10x_rcc.o
    0x08000964   0x08000964   0x00000020   Code   RO         1066    i.RCC_APB2PeriphClockCmd  stm32f10x_rcc.o
    0x08000984   0x08000984   0x0000000c   Code   RO         1069    i.RCC_BackupResetCmd  stm32f10x_rcc.o
    0x08000990   0x08000990   0x00000034   Code   RO         1082    i.RCC_LSEConfig     stm32f10x_rcc.o
    0x080009c4   0x080009c4   0x0000000c   Code   RO         1089    i.RCC_RTCCLKCmd     stm32f10x_rcc.o
    0x080009d0   0x080009d0   0x00000010   Code   RO         1090    i.RCC_RTCCLKConfig  stm32f10x_rcc.o
    0x080009e0   0x080009e0   0x00000010   Code   RO         1275    i.RTC_ClearITPendingBit  stm32f10x_rtc.o
    0x080009f0   0x080009f0   0x00000014   Code   RO         1276    i.RTC_EnterConfigMode  stm32f10x_rtc.o
    0x08000a04   0x08000a04   0x00000014   Code   RO         1277    i.RTC_ExitConfigMode  stm32f10x_rtc.o
    0x08000a18   0x08000a18   0x0000002c   Code   RO         1278    i.RTC_GetCounter    stm32f10x_rtc.o
    0x08000a44   0x08000a44   0x00000164   Code   RO          296    i.RTC_GetDateTime   rtc.o
    0x08000ba8   0x08000ba8   0x00000024   Code   RO         1281    i.RTC_GetITStatus   stm32f10x_rtc.o
    0x08000bcc   0x08000bcc   0x00000094   Code   RO          297    i.RTC_GetRTC_Counter  rtc.o
    0x08000c60   0x08000c60   0x00000040   Code   RO          298    i.RTC_IRQHandler    rtc.o
    0x08000ca0   0x08000ca0   0x00000020   Code   RO         1282    i.RTC_ITConfig      stm32f10x_rtc.o
    0x08000cc0   0x08000cc0   0x0000001c   Code   RO         1284    i.RTC_SetCounter    stm32f10x_rtc.o
    0x08000cdc   0x08000cdc   0x00000020   Code   RO         1285    i.RTC_SetPrescaler  stm32f10x_rtc.o
    0x08000cfc   0x08000cfc   0x00000014   Code   RO         1286    i.RTC_WaitForLastTask  stm32f10x_rtc.o
    0x08000d10   0x08000d10   0x00000024   Code   RO         1287    i.RTC_WaitForSynchro  stm32f10x_rtc.o
    0x08000d34   0x08000d34   0x00000008   Code   RO         1943    i.SetSysClock       system_stm32f10x.o
    0x08000d3c   0x08000d3c   0x000000e0   Code   RO         1944    i.SetSysClockTo72   system_stm32f10x.o
    0x08000e1c   0x08000e1c   0x00000058   Code   RO          460    i.Set_Bright_Dp     tim3_pwm.o
    0x08000e74   0x08000e74   0x00000010   Code   RO          113    i.SysTick_Handler   my_global.o
    0x08000e84   0x08000e84   0x00000060   Code   RO         1946    i.SystemInit        system_stm32f10x.o
    0x08000ee4   0x08000ee4   0x00000038   Code   RO          183    i.TIM4_IRQHandler   tim4_delay.o
    0x08000f1c   0x08000f1c   0x00000006   Code   RO         1387    i.TIM_ClearITPendingBit  stm32f10x_tim.o
    0x08000f22   0x08000f22   0x00000018   Code   RO         1392    i.TIM_Cmd           stm32f10x_tim.o
    0x08000f3a   0x08000f3a   0x00000022   Code   RO         1413    i.TIM_GetITStatus   stm32f10x_tim.o
    0x08000f5c   0x08000f5c   0x00000012   Code   RO         1417    i.TIM_ITConfig      stm32f10x_tim.o
    0x08000f6e   0x08000f6e   0x00000002   PAD
    0x08000f70   0x08000f70   0x000000a4   Code   RO         1426    i.TIM_OC2Init       stm32f10x_tim.o
    0x08001014   0x08001014   0x0000001a   Code   RO         1429    i.TIM_OC2PreloadConfig  stm32f10x_tim.o
    0x0800102e   0x0800102e   0x00000014   Code   RO         1439    i.TIM_OCStructInit  stm32f10x_tim.o
    0x08001042   0x08001042   0x00000002   PAD
    0x08001044   0x08001044   0x000000a4   Code   RO         1463    i.TIM_TimeBaseInit  stm32f10x_tim.o
    0x080010e8   0x080010e8   0x00000012   Code   RO         1464    i.TIM_TimeBaseStructInit  stm32f10x_tim.o
    0x080010fa   0x080010fa   0x00000002   PAD
    0x080010fc   0x080010fc   0x0000004c   Code   RO          184    i.delay_TIM4_init   tim4_delay.o
    0x08001148   0x08001148   0x0000005c   Code   RO          186    i.delay_TIM4_us     tim4_delay.o
    0x080011a4   0x080011a4   0x0000012c   Code   RO            4    i.main              main.o
    0x080012d0   0x080012d0   0x000000b4   Code   RO          269    i.my_ADC_init       adc.o
    0x08001384   0x08001384   0x00000034   Code   RO          152    i.my_GPIOB_init     gpio.o
    0x080013b8   0x080013b8   0x000000a8   Code   RO          389    i.my_KeyKeyboard    keyboard.o
    0x08001460   0x08001460   0x00000082   Code   RO          299    i.my_RTC_GetOnlyTime  rtc.o
    0x080014e2   0x080014e2   0x00000002   PAD
    0x080014e4   0x080014e4   0x0000006c   Code   RO          301    i.my_RTC_Init       rtc.o
    0x08001550   0x08001550   0x0000003e   Code   RO          302    i.my_RTC_Init_NVIC  rtc.o
    0x0800158e   0x0800158e   0x0000003e   Code   RO          303    i.my_RTC_SetFirst   rtc.o
    0x080015cc   0x080015cc   0x00000054   Code   RO          304    i.my_RTC_SetTime    rtc.o
    0x08001620   0x08001620   0x00000030   Code   RO          305    i.my_RtcToTime      rtc.o
    0x08001650   0x08001650   0x00000254   Code   RO          422    i.my_SetTime        set_time.o
    0x080018a4   0x080018a4   0x00000184   Code   RO         1995    x$fpl$fdiv          fz_ws.l(fdiv.o)
    0x08001a28   0x08001a28   0x0000003e   Code   RO         1998    x$fpl$ffixu         fz_ws.l(ffixu.o)
    0x08001a66   0x08001a66   0x00000002   PAD
    0x08001a68   0x08001a68   0x00000030   Code   RO         2003    x$fpl$fflt          fz_ws.l(fflt_clz.o)
    0x08001a98   0x08001a98   0x00000026   Code   RO         2002    x$fpl$ffltu         fz_ws.l(fflt_clz.o)
    0x08001abe   0x08001abe   0x00000002   PAD
    0x08001ac0   0x08001ac0   0x00000102   Code   RO         2008    x$fpl$fmul          fz_ws.l(fmul.o)
    0x08001bc2   0x08001bc2   0x0000008c   Code   RO         2015    x$fpl$fnaninf       fz_ws.l(fnaninf.o)
    0x08001c4e   0x08001c4e   0x0000000a   Code   RO         2017    x$fpl$fretinf       fz_ws.l(fretinf.o)
    0x08001c58   0x08001c58   0x00000000   Code   RO         2019    x$fpl$usenofp       fz_ws.l(usenofp.o)
    0x08001c58   0x08001c58   0x00000020   Data   RO         2180    Region$$Table       anon$$obj.o


    Execution Region RW_IRAM1 (Exec base: 0x20000000, Load base: 0x08001c78, Size: 0x00000690, Max: 0x00005000, ABSOLUTE)

    Exec Addr    Load Addr    Size         Type   Attr      Idx    E Section Name        Object

    0x20000000   0x08001c78   0x00000004   Data   RW          114    .data               my_global.o
    0x20000004   0x08001c7c   0x00000001   Data   RW          187    .data               tim4_delay.o
    0x20000005   0x08001c7d   0x0000000b   Data   RW          232    .data               led.o
    0x20000010   0x08001c88   0x00000006   Data   RW          307    .data               rtc.o
    0x20000016   0x08001c8e   0x00000002   PAD
    0x20000018   0x08001c90   0x00000014   Data   RW         1947    .data               system_stm32f10x.o
    0x2000002c        -       0x00000060   Zero   RW         2052    .bss                c_w.l(libspace.o)
    0x2000008c   0x08001ca4   0x00000004   PAD
    0x20000090        -       0x00000200   Zero   RW         1934    HEAP                startup_stm32f10x_md.o
    0x20000290        -       0x00000400   Zero   RW         1933    STACK               startup_stm32f10x_md.o


==============================================================================

Image component sizes


      Code (inc. data)   RO Data    RW Data    ZI Data      Debug   Object Name

       180         10          0          0          0        534   adc.o
        52          6          0          0          0        428   gpio.o
       168         10          0          0          0        753   keyboard.o
       352         14          0         11          0       1920   led.o
       300         38          0          0          0     273842   main.o
       132         22          0          0          0       1791   misc.o
        60         12          0          4          0      26853   my_global.o
      1062         48          0          6          0       6496   rtc.o
       596         24          0          0          0        969   set_time.o
        64         26        236          0       1536        788   startup_stm32f10x_md.o
       348         10          0          0          0       6664   stm32f10x_adc.o
        28          6          0          0          0        594   stm32f10x_bkp.o
       438          6          0          0          0       3600   stm32f10x_gpio.o
        12          6          0          0          0        538   stm32f10x_pwr.o
       180         40          0          0          0       3941   stm32f10x_rcc.o
       284         50          0          0          0       5584   stm32f10x_rtc.o
       474         52          0          0          0       6375   stm32f10x_tim.o
       328         28          0         20          0       2241   system_stm32f10x.o
       264         22          0          0          0       1065   tim3_pwm.o
       224         20          0          1          0       1940   tim4_delay.o

    ----------------------------------------------------------------------
      5558        450        268         44       1536     346916   Object Totals
         0          0         32          0          0          0   (incl. Generated)
        12          0          0          2          0          0   (incl. Padding)

    ----------------------------------------------------------------------

      Code (inc. data)   RO Data    RW Data    ZI Data      Debug   Library Member Name

         8          0          0          0          0         68   __main.o
         0          0          0          0          0          0   __rtentry.o
        12          0          0          0          0          0   __rtentry2.o
         6          0          0          0          0          0   __rtentry4.o
        52          8          0          0          0          0   __scatter.o
        26          0          0          0          0          0   __scatter_copy.o
        28          0          0          0          0          0   __scatter_zi.o
        18          0          0          0          0         80   exit.o
         6          0          0          0          0        152   heapauxi.o
         0          0          0          0          0          0   indicate_semi.o
         2          0          0          0          0          0   libinit.o
         2          0          0          0          0          0   libinit2.o
         2          0          0          0          0          0   libshutdown.o
         2          0          0          0          0          0   libshutdown2.o
         8          4          0          0         96         68   libspace.o
       238          0          0          0          0        100   lludivv7m.o
         2          0          0          0          0          0   rtexit.o
        10          0          0          0          0          0   rtexit2.o
        12          4          0          0          0         68   sys_exit.o
        74          0          0          0          0         80   sys_stackheap_outer.o
         2          0          0          0          0         68   use_no_semi.o
       388         76          0          0          0         96   fdiv.o
        62          4          0          0          0         84   ffixu.o
        86          0          0          0          0        136   fflt_clz.o
       258          4          0          0          0         84   fmul.o
       140          4          0          0          0         84   fnaninf.o
        10          0          0          0          0         68   fretinf.o
         0          0          0          0          0          0   usenofp.o

    ----------------------------------------------------------------------
      1462        104          0          0        100       1236   Library Totals
         8          0          0          0          4          0   (incl. Padding)

    ----------------------------------------------------------------------

      Code (inc. data)   RO Data    RW Data    ZI Data      Debug   Library Name

       510         16          0          0         96        684   c_w.l
       944         88          0          0          0        552   fz_ws.l

    ----------------------------------------------------------------------
      1462        104          0          0        100       1236   Library Totals

    ----------------------------------------------------------------------

==============================================================================


      Code (inc. data)   RO Data    RW Data    ZI Data      Debug   

      7020        554        268         44       1636     344352   Grand Totals
      7020        554        268         44       1636     344352   ELF Image Totals
      7020        554        268         44          0          0   ROM Totals

==============================================================================

    Total RO  Size (Code + RO Data)                 7288 (   7.12kB)
    Total RW  Size (RW Data + ZI Data)              1680 (   1.64kB)
    Total ROM Size (Code + RO Data + RW Data)       7332 (   7.16kB)

==============================================================================

